Component: ARM Compiler 5.06 update 7 (build 960) Tool: armlink [4d3601]

==============================================================================

Section Cross References

    startup_lpc17xx.o(STACK) refers (Special) to heapauxi.o(.text) for __use_two_region_memory
    startup_lpc17xx.o(HEAP) refers (Special) to heapauxi.o(.text) for __use_two_region_memory
    startup_lpc17xx.o(RESET) refers (Special) to heapauxi.o(.text) for __use_two_region_memory
    startup_lpc17xx.o(RESET) refers to startup_lpc17xx.o(STACK) for __initial_sp
    startup_lpc17xx.o(RESET) refers to startup_lpc17xx.o(.text) for Reset_Handler
    startup_lpc17xx.o(RESET) refers to irq_timer.o(.text) for TIMER0_IRQHandler
    startup_lpc17xx.o(RESET) refers to irq_adc.o(.text) for ADC_IRQHandler
    startup_lpc17xx.o(RESET) refers to irq_rit.o(.text) for RIT_IRQHandler
    startup_lpc17xx.o(.ARM.__at_0x02FC) refers (Special) to heapauxi.o(.text) for __use_two_region_memory
    startup_lpc17xx.o(.text) refers (Special) to heapauxi.o(.text) for __use_two_region_memory
    startup_lpc17xx.o(.text) refers to __main.o(!!!main) for __main
    startup_lpc17xx.o(.text) refers to startup_lpc17xx.o(HEAP) for Heap_Mem
    startup_lpc17xx.o(.text) refers to startup_lpc17xx.o(STACK) for Stack_Mem
    sample.o(.text) refers to system_lpc17xx.o(.text) for SystemInit
    sample.o(.text) refers to glcd.o(.text) for LCD_Initialization
    sample.o(.text) refers to touchpanel.o(.text) for TP_Init
    sample.o(.text) refers to drawing.o(.text) for LCD_start
    sample.o(.text) refers to lib_joystick.o(.text) for joystick_init
    sample.o(.text) refers to lib_rit.o(.text) for init_RIT
    sample.o(.text) refers to lib_timer.o(.text) for init_timer
    sample.o(.text) refers to lib_adc.o(.text) for ADC_init
    sample.o(.text) refers to irq_rit.o(.data) for feeding
    system_lpc17xx.o(.text) refers to system_lpc17xx.o(.data) for SystemFrequency
    irq_timer.o(.text) refers to drawing.o(.text) for LCD_DrawFigure1
    irq_timer.o(.text) refers to music.o(.text) for DeathSound
    irq_timer.o(.text) refers to lib_timer.o(.text) for disable_timer
    irq_timer.o(.text) refers to lib_rit.o(.text) for disable_RIT
    irq_timer.o(.text) refers to glcd.o(.text) for LCD_DrawRectangle
    irq_timer.o(.text) refers to touchpanel.o(.text) for Read_Ads7846
    irq_timer.o(.text) refers to irq_timer.o(.data) for batteries
    irq_timer.o(.text) refers to drawing.o(.data) for isAlive
    irq_timer.o(.text) refers to music.o(.data) for melody
    irq_timer.o(.text) refers to touchpanel.o(.bss) for matrix
    irq_timer.o(.text) refers to touchpanel.o(.data) for display
    asciilib.o(.text) refers to rt_memcpy_v6.o(.text) for __aeabi_memcpy
    asciilib.o(.text) refers to asciilib.o(.constdata) for AsciiLib
    glcd.o(.text) refers to glcd.o(.data) for LCD_Code
    glcd.o(.text) refers to asciilib.o(.text) for GetASCIICode
    hzlib.o(.text) refers to rt_memcpy_v6.o(.text) for __aeabi_memcpy
    hzlib.o(.text) refers to hzlib.o(.constdata) for HzLib
    drawing.o(.text) refers to _printf_percent.o(.ARM.Collect$$_printf_percent$$00000000) for _printf_percent
    drawing.o(.text) refers to _printf_d.o(.ARM.Collect$$_printf_percent$$00000009) for _printf_d
    drawing.o(.text) refers to _printf_dec.o(.text) for _printf_int_dec
    drawing.o(.text) refers to glcd.o(.text) for LCD_DrawRectangle
    drawing.o(.text) refers to drawing.o(.data) for level_happiness
    drawing.o(.text) refers to strcmpv7m.o(.text) for strcmp
    drawing.o(.text) refers to noretval__2sprintf.o(.text) for __2sprintf
    drawing.o(.text) refers to music.o(.text) for EatingSound
    drawing.o(.text) refers to drawing.o(.bss) for time
    drawing.o(.text) refers to lib_timer.o(.text) for disable_timer
    irq_rit.o(.text) refers to lib_adc.o(.text) for ADC_start_conversion
    irq_rit.o(.text) refers to drawing.o(.text) for LCD_DrawButton
    irq_rit.o(.text) refers to music.o(.text) for BipSound
    irq_rit.o(.text) refers to lib_timer.o(.text) for disable_timer
    irq_rit.o(.text) refers to glcd.o(.text) for LCD_DrawRectangle
    irq_rit.o(.text) refers to lib_rit.o(.text) for init_RIT
    irq_rit.o(.text) refers to drawing.o(.data) for isAlive
    irq_rit.o(.text) refers to irq_rit.o(.data) for button
    touchpanel.o(.text) refers to glcd.o(.text) for LCD_SetPoint
    touchpanel.o(.text) refers to rt_memclr_w.o(.text) for __aeabi_memclr4
    touchpanel.o(.text) refers to dflt_clz.o(x$fpl$dflt) for __aeabi_i2d
    touchpanel.o(.text) refers to deqf.o(x$fpl$deqf) for __aeabi_cdcmpeq
    touchpanel.o(.text) refers to dflt_clz.o(x$fpl$dfltu) for __aeabi_ui2d
    touchpanel.o(.text) refers to dmul.o(x$fpl$dmul) for __aeabi_dmul
    touchpanel.o(.text) refers to daddsub_clz.o(x$fpl$dadd) for __aeabi_dadd
    touchpanel.o(.text) refers to ddiv.o(x$fpl$ddiv) for __aeabi_ddiv
    touchpanel.o(.text) refers to dfixu.o(x$fpl$dfixu) for __aeabi_d2uiz
[...]
    __printf_flags_ss_wp.o(.text) refers to __printf_flags_ss_wp.o(.constdata) for .constdata
    _printf_d.o(.ARM.Collect$$_printf_percent$$00000009) refers (Weak) to _printf_dec.o(.text) for _printf_int_dec
    _printf_percent.o(.ARM.Collect$$_printf_percent$$00000000) refers (Special) to _printf_percent_end.o(.ARM.Collect$$_printf_percent$$00000017) for _printf_percent_end
    rt_memcpy_v6.o(.text) refers to rt_memcpy_w.o(.text) for __aeabi_memcpy4
    __main.o(!!!main) refers to __rtentry.o(.ARM.Collect$$rtentry$$00000000) for __rt_entry
    daddsub_clz.o(x$fpl$dadd) refers (Special) to usenofp.o(x$fpl$usenofp) for __I$use$fp
    daddsub_clz.o(x$fpl$dadd) refers to daddsub_clz.o(x$fpl$dsub) for _dsub1
    daddsub_clz.o(x$fpl$dadd) refers to dretinf.o(x$fpl$dretinf) for __fpl_dretinf
    daddsub_clz.o(x$fpl$dadd) refers to dnaninf.o(x$fpl$dnaninf) for __fpl_dnaninf
    daddsub_clz.o(x$fpl$drsb) refers (Special) to usenofp.o(x$fpl$usenofp) for __I$use$fp
    daddsub_clz.o(x$fpl$drsb) refers to daddsub_clz.o(x$fpl$dadd) for _dadd1
    daddsub_clz.o(x$fpl$drsb) refers to daddsub_clz.o(x$fpl$dsub) for _dsub1
    daddsub_clz.o(x$fpl$dsub) refers (Special) to usenofp.o(x$fpl$usenofp) for __I$use$fp
    daddsub_clz.o(x$fpl$dsub) refers to daddsub_clz.o(x$fpl$dadd) for _dadd1
    daddsub_clz.o(x$fpl$dsub) refers to dnaninf.o(x$fpl$dnaninf) for __fpl_dnaninf
    ddiv.o(x$fpl$drdiv) refers (Special) to usenofp.o(x$fpl$usenofp) for __I$use$fp
    ddiv.o(x$fpl$drdiv) refers to ddiv.o(x$fpl$ddiv) for ddiv_entry
    ddiv.o(x$fpl$ddiv) refers (Special) to usenofp.o(x$fpl$usenofp) for __I$use$fp
    ddiv.o(x$fpl$ddiv) refers to dretinf.o(x$fpl$dretinf) for __fpl_dretinf
    ddiv.o(x$fpl$ddiv) refers to dnaninf.o(x$fpl$dnaninf) for __fpl_dnaninf
    deqf.o(x$fpl$deqf) refers (Special) to usenofp.o(x$fpl$usenofp) for __I$use$fp
    deqf.o(x$fpl$deqf) refers to dnaninf.o(x$fpl$dnaninf) for __fpl_dnaninf
    deqf.o(x$fpl$deqf) refers to dcmpi.o(x$fpl$dcmpinf) for __fpl_dcmp_Inf
    dfixu.o(x$fpl$dfixu) refers (Special) to usenofp.o(x$fpl$usenofp) for __I$use$fp
    dfixu.o(x$fpl$dfixu) refers to dnaninf.o(x$fpl$dnaninf) for __fpl_dnaninf
    dfixu.o(x$fpl$dfixur) refers (Special) to usenofp.o(x$fpl$usenofp) for __I$use$fp
    dfixu.o(x$fpl$dfixur) refers to dnaninf.o(x$fpl$dnaninf) for __fpl_dnaninf
    dflt_clz.o(x$fpl$dfltu) refers (Special) to usenofp.o(x$fpl$usenofp) for __I$use$fp
    dflt_clz.o(x$fpl$dflt) refers (Special) to usenofp.o(x$fpl$usenofp) for __I$use$fp
    dflt_clz.o(x$fpl$dfltn) refers (Special) to usenofp.o(x$fpl$usenofp) for __I$use$fp
    dmul.o(x$fpl$dmul) refers (Special) to usenofp.o(x$fpl$usenofp) for __I$use$fp
    dmul.o(x$fpl$dmul) refers to dretinf.o(x$fpl$dretinf) for __fpl_dretinf
    dmul.o(x$fpl$dmul) refers to dnaninf.o(x$fpl$dnaninf) for __fpl_dnaninf
    __rtentry.o(.ARM.Collect$$rtentry$$00000000) refers (Special) to __rtentry2.o(.ARM.Collect$$rtentry$$0000000A) for __rt_entry_li
    __rtentry.o(.ARM.Collect$$rtentry$$00000000) refers (Special) to __rtentry2.o(.ARM.Collect$$rtentry$$0000000D) for __rt_entry_main
    __rtentry.o(.ARM.Collect$$rtentry$$00000000) refers (Special) to __rtentry2.o(.ARM.Collect$$rtentry$$0000000C) for __rt_entry_postli_1
    __rtentry.o(.ARM.Collect$$rtentry$$00000000) refers (Special) to __rtentry2.o(.ARM.Collect$$rtentry$$00000009) for __rt_entry_postsh_1
    __rtentry.o(.ARM.Collect$$rtentry$$00000000) refers (Special) to __rtentry2.o(.ARM.Collect$$rtentry$$00000002) for __rt_entry_presh_1
    __rtentry.o(.ARM.Collect$$rtentry$$00000000) refers (Special) to __rtentry4.o(.ARM.Collect$$rtentry$$00000004) for __rt_entry_sh
    _printf_char_common.o(.text) refers to __printf_wp.o(.text) for __printf
    dcmpi.o(x$fpl$dcmpinf) refers (Special) to usenofp.o(x$fpl$usenofp) for __I$use$fp
    dnaninf.o(x$fpl$dnaninf) refers (Special) to usenofp.o(x$fpl$usenofp) for __I$use$fp
    dretinf.o(x$fpl$dretinf) refers (Special) to usenofp.o(x$fpl$usenofp) for __I$use$fp
    __rtentry2.o(.ARM.Collect$$rtentry$$00000008) refers to boardinit2.o(.text) for _platform_post_stackheap_init
    __rtentry2.o(.ARM.Collect$$rtentry$$0000000A) refers to libinit.o(.ARM.Collect$$libinit$$00000000) for __rt_lib_init
    __rtentry2.o(.ARM.Collect$$rtentry$$0000000B) refers to boardinit3.o(.text) for _platform_post_lib_init
    __rtentry2.o(.ARM.Collect$$rtentry$$0000000D) refers to sample.o(.text) for main
    __rtentry2.o(.ARM.Collect$$rtentry$$0000000D) refers to exit.o(.text) for exit
    __rtentry2.o(.ARM.exidx) refers to __rtentry2.o(.ARM.Collect$$rtentry$$00000001) for .ARM.Collect$$rtentry$$00000001
    __rtentry2.o(.ARM.exidx) refers to __rtentry2.o(.ARM.Collect$$rtentry$$00000008) for .ARM.Collect$$rtentry$$00000008
    __rtentry2.o(.ARM.exidx) refers to __rtentry2.o(.ARM.Collect$$rtentry$$0000000A) for .ARM.Collect$$rtentry$$0000000A
    __rtentry2.o(.ARM.exidx) refers to __rtentry2.o(.ARM.Collect$$rtentry$$0000000B) for .ARM.Collect$$rtentry$$0000000B
    __rtentry2.o(.ARM.exidx) refers to __rtentry2.o(.ARM.Collect$$rtentry$$0000000D) for .ARM.Collect$$rtentry$$0000000D
    __rtentry4.o(.ARM.Collect$$rtentry$$00000004) refers to sys_stackheap_outer.o(.text) for __user_setup_stackheap
    __rtentry4.o(.ARM.exidx) refers to __rtentry4.o(.ARM.Collect$$rtentry$$00000004) for .ARM.Collect$$rtentry$$00000004
    sys_stackheap_outer.o(.text) refers to libspace.o(.text) for __user_perproc_libspace
    sys_stackheap_outer.o(.text) refers to startup_lpc17xx.o(.text) for __user_initial_stackheap
    exit.o(.text) refers to rtexit.o(.ARM.Collect$$rtexit$$00000000) for __rt_exit
    libinit.o(.ARM.Collect$$libinit$$00000000) refers (Special) to libinit2.o(.ARM.Collect$$libinit$$0000002E) for __rt_lib_init_alloca_1
    libinit.o(.ARM.Collect$$libinit$$00000000) refers (Special) to libinit2.o(.ARM.Collect$$libinit$$0000002C) for __rt_lib_init_argv_1
    libinit.o(.ARM.Collect$$libinit$$00000000) refers (Special) to libinit2.o(.ARM.Collect$$libinit$$0000001B) for __rt_lib_init_atexit_1
    libinit.o(.ARM.Collect$$libinit$$00000000) refers (Special) to libinit2.o(.ARM.Collect$$libinit$$00000021) for __rt_lib_init_clock_1
    libinit.o(.ARM.Collect$$libinit$$00000000) refers (Special) to libinit2.o(.ARM.Collect$$libinit$$00000032) for __rt_lib_init_cpp_1
    libinit.o(.ARM.Collect$$libinit$$00000000) refers (Special) to libinit2.o(.ARM.Collect$$libinit$$00000030) for __rt_lib_init_exceptions_1
    libinit.o(.ARM.Collect$$libinit$$00000000) refers (Special) to libinit2.o(.ARM.Collect$$libinit$$00000002) for __rt_lib_init_fp_1
    libinit.o(.ARM.Collect$$libinit$$00000000) refers (Special) to libinit2.o(.ARM.Collect$$libinit$$0000001F) for __rt_lib_init_fp_trap_1
    libinit.o(.ARM.Collect$$libinit$$00000000) refers (Special) to libinit2.o(.ARM.Collect$$libinit$$00000023) for __rt_lib_init_getenv_1
    libinit.o(.ARM.Collect$$libinit$$00000000) refers (Special) to libinit2.o(.ARM.Collect$$libinit$$0000000A) for __rt_lib_init_heap_1
    libinit.o(.ARM.Collect$$libinit$$00000000) refers (Special) to libinit2.o(.ARM.Collect$$libinit$$00000011) for __rt_lib_init_lc_collate_1
    libinit.o(.ARM.Collect$$libinit$$00000000) refers (Special) to libinit2.o(.ARM.Collect$$libinit$$00000013) for __rt_lib_init_lc_ctype_1
    libinit.o(.ARM.Collect$$libinit$$00000000) refers (Special) to libinit2.o(.ARM.Collect$$libinit$$00000015) for __rt_lib_init_lc_monetary_1
    libinit.o(.ARM.Collect$$libinit$$00000000) refers (Special) to libinit2.o(.ARM.Collect$$libinit$$00000017) for __rt_lib_init_lc_numeric_1
    libinit.o(.ARM.Collect$$libinit$$00000000) refers (Special) to libinit2.o(.ARM.Collect$$libinit$$00000019) for __rt_lib_init_lc_time_1
    libinit.o(.ARM.Collect$$libinit$$00000000) refers (Special) to libinit2.o(.ARM.Collect$$libinit$$00000004) for __rt_lib_init_preinit_1
    libinit.o(.ARM.Collect$$libinit$$00000000) refers (Special) to libinit2.o(.ARM.Collect$$libinit$$0000000E) for __rt_lib_init_rand_1
    libinit.o(.ARM.Collect$$libinit$$00000000) refers (Special) to libinit2.o(.ARM.Collect$$libinit$$00000033) for __rt_lib_init_return
    libinit.o(.ARM.Collect$$libinit$$00000000) refers (Special) to libinit2.o(.ARM.Collect$$libinit$$0000001D) for __rt_lib_init_signal_1
    libinit.o(.ARM.Collect$$libinit$$00000000) refers (Special) to libinit2.o(.ARM.Collect$$libinit$$00000025) for __rt_lib_init_stdio_1
    libinit.o(.ARM.Collect$$libinit$$00000000) refers (Special) to libinit2.o(.ARM.Collect$$libinit$$0000000C) for __rt_lib_init_user_alloc_1
    libspace.o(.text) refers to libspace.o(.bss) for __libspace_start
    rtexit.o(.ARM.Collect$$rtexit$$00000000) refers (Special) to rtexit2.o(.ARM.Collect$$rtexit$$00000004) for __rt_exit_exit
    rtexit.o(.ARM.Collect$$rtexit$$00000000) refers (Special) to rtexit2.o(.ARM.Collect$$rtexit$$00000003) for __rt_exit_ls
    rtexit.o(.ARM.Collect$$rtexit$$00000000) refers (Special) to rtexit2.o(.ARM.Collect$$rtexit$$00000002) for __rt_exit_prels_1
    rtexit.o(.ARM.exidx) refers (Special) to rtexit2.o(.ARM.Collect$$rtexit$$00000004) for __rt_exit_exit
    rtexit.o(.ARM.exidx) refers (Special) to rtexit2.o(.ARM.Collect$$rtexit$$00000003) for __rt_exit_ls
    rtexit.o(.ARM.exidx) refers (Special) to rtexit2.o(.ARM.Collect$$rtexit$$00000002) for __rt_exit_prels_1
    rtexit.o(.ARM.exidx) refers to rtexit.o(.ARM.Collect$$rtexit$$00000000) for .ARM.Collect$$rtexit$$00000000
    libinit2.o(.ARM.Collect$$libinit$$00000010) refers to libinit2.o(.ARM.Collect$$libinit$$0000000F) for .ARM.Collect$$libinit$$0000000F
    libinit2.o(.ARM.Collect$$libinit$$00000012) refers to libinit2.o(.ARM.Collect$$libinit$$0000000F) for .ARM.Collect$$libinit$$0000000F
    libinit2.o(.ARM.Collect$$libinit$$00000014) refers to libinit2.o(.ARM.Collect$$libinit$$0000000F) for .ARM.Collect$$libinit$$0000000F
    libinit2.o(.ARM.Collect$$libinit$$00000016) refers to libinit2.o(.ARM.Collect$$libinit$$0000000F) for .ARM.Collect$$libinit$$0000000F
    libinit2.o(.ARM.Collect$$libinit$$00000018) refers to libinit2.o(.ARM.Collect$$libinit$$0000000F) for .ARM.Collect$$libinit$$0000000F
    libinit2.o(.ARM.Collect$$libinit$$00000026) refers to argv_veneer.o(.emb_text) for __ARM_argv_veneer
    libinit2.o(.ARM.Collect$$libinit$$00000027) refers to argv_veneer.o(.emb_text) for __ARM_argv_veneer
    rtexit2.o(.ARM.Collect$$rtexit$$00000003) refers to libshutdown.o(.ARM.Collect$$libshutdown$$00000000) for __rt_lib_shutdown
    rtexit2.o(.ARM.Collect$$rtexit$$00000004) refers to sys_exit.o(.text) for _sys_exit
    rtexit2.o(.ARM.exidx) refers to rtexit2.o(.ARM.Collect$$rtexit$$00000001) for .ARM.Collect$$rtexit$$00000001
    rtexit2.o(.ARM.exidx) refers to rtexit2.o(.ARM.Collect$$rtexit$$00000003) for .ARM.Collect$$rtexit$$00000003
    rtexit2.o(.ARM.exidx) refers to rtexit2.o(.ARM.Collect$$rtexit$$00000004) for .ARM.Collect$$rtexit$$00000004
    argv_veneer.o(.emb_text) refers to no_argv.o(.text) for __ARM_get_argv
    sys_exit.o(.text) refers (Special) to use_no_semi.o(.text) for __I$use$semihosting
    sys_exit.o(.text) refers (Special) to indicate_semi.o(.text) for __semihosting_library_function
    _get_argv_nomalloc.o(.text) refers (Special) to hrguard.o(.text) for __heap_region$guard
    _get_argv_nomalloc.o(.text) refers to defsig_rtmem_outer.o(.text) for __rt_SIGRTMEM
    _get_argv_nomalloc.o(.text) refers to sys_command.o(.text) for _sys_command_string
    libshutdown.o(.ARM.Collect$$libshutdown$$00000000) refers (Special) to libshutdown2.o(.ARM.Collect$$libshutdown$$00000004) for __rt_lib_shutdown_cpp_1
    libshutdown.o(.ARM.Collect$$libshutdown$$00000000) refers (Special) to libshutdown2.o(.ARM.Collect$$libshutdown$$00000002) for __rt_lib_shutdown_fini_1
    libshutdown.o(.ARM.Collect$$libshutdown$$00000000) refers (Special) to libshutdown2.o(.ARM.Collect$$libshutdown$$00000009) for __rt_lib_shutdown_fp_trap_1
    libshutdown.o(.ARM.Collect$$libshutdown$$00000000) refers (Special) to libshutdown2.o(.ARM.Collect$$libshutdown$$00000011) for __rt_lib_shutdown_heap_1
    libshutdown.o(.ARM.Collect$$libshutdown$$00000000) refers (Special) to libshutdown2.o(.ARM.Collect$$libshutdown$$00000012) for __rt_lib_shutdown_return
    libshutdown.o(.ARM.Collect$$libshutdown$$00000000) refers (Special) to libshutdown2.o(.ARM.Collect$$libshutdown$$0000000C) for __rt_lib_shutdown_signal_1
    libshutdown.o(.ARM.Collect$$libshutdown$$00000000) refers (Special) to libshutdown2.o(.ARM.Collect$$libshutdown$$00000006) for __rt_lib_shutdown_stdio_1
    libshutdown.o(.ARM.Collect$$libshutdown$$00000000) refers (Special) to libshutdown2.o(.ARM.Collect$$libshutdown$$0000000E) for __rt_lib_shutdown_user_alloc_1
    sys_command.o(.text) refers (Special) to use_no_semi.o(.text) for __I$use$semihosting
    sys_command.o(.text) refers (Special) to indicate_semi.o(.text) for __semihosting_library_function
    defsig_rtmem_outer.o(.text) refers to defsig_rtmem_inner.o(.text) for __rt_SIGRTMEM_inner
    defsig_rtmem_outer.o(.text) refers to defsig_exit.o(.text) for __sig_exit
    defsig_rtmem_formal.o(.text) refers to rt_raise.o(.text) for __rt_raise
    rt_raise.o(.text) refers to __raise.o(.text) for __raise
    rt_raise.o(.text) refers to sys_exit.o(.text) for _sys_exit
    defsig_exit.o(.text) refers to sys_exit.o(.text) for _sys_exit
    defsig_rtmem_inner.o(.text) refers to defsig_general.o(.text) for __default_signal_display
    __raise.o(.text) refers to defsig.o(CL$$defsig) for __default_signal_handler
    defsig_general.o(.text) refers to sys_wrch.o(.text) for _ttywrch
    sys_wrch.o(.text) refers (Special) to use_no_semi.o(.text) for __I$use$semihosting
    sys_wrch.o(.text) refers (Special) to indicate_semi.o(.text) for __semihosting_library_function
    defsig.o(CL$$defsig) refers to defsig_rtmem_inner.o(.text) for __rt_SIGRTMEM_inner
    defsig_abrt_inner.o(.text) refers to defsig_general.o(.text) for __default_signal_display
    defsig_fpe_inner.o(.text) refers to defsig_general.o(.text) for __default_signal_display
    defsig_rtred_inner.o(.text) refers to defsig_general.o(.text) for __default_signal_display
    defsig_stak_inner.o(.text) refers to defsig_general.o(.text) for __default_signal_display
    defsig_pvfn_inner.o(.text) refers to defsig_general.o(.text) for __default_signal_display
    defsig_cppl_inner.o(.text) refers to defsig_general.o(.text) for __default_signal_display
    defsig_segv_inner.o(.text) refers to defsig_general.o(.text) for __default_signal_display
    defsig_other.o(.text) refers to defsig_general.o(.text) for __default_signal_display


==============================================================================

Removing Unused input sections from the image.

    Removing sample.o(.rev16_text), (4 bytes).
    Removing sample.o(.revsh_text), (4 bytes).
    Removing sample.o(.rrx_text), (6 bytes).
    Removing sample.o(.data), (4252 bytes).
    Removing core_cm3.o(.emb_text), (32 bytes).
    Removing system_lpc17xx.o(.rev16_text), (4 bytes).
    Removing system_lpc17xx.o(.revsh_text), (4 bytes).
    Removing system_lpc17xx.o(.rrx_text), (6 bytes).
    Removing irq_timer.o(.rev16_text), (4 bytes).
    Removing irq_timer.o(.revsh_text), (4 bytes).
    Removing irq_timer.o(.rrx_text), (6 bytes).
    Removing lib_timer.o(.rev16_text), (4 bytes).
    Removing lib_timer.o(.revsh_text), (4 bytes).
    Removing lib_timer.o(.rrx_text), (6 bytes).
    Removing glcd.o(.rev16_text), (4 bytes).
    Removing glcd.o(.revsh_text), (4 bytes).
    Removing glcd.o(.rrx_text), (6 bytes).
    Removing hzlib.o(.text), (52 bytes).
    Removing hzlib.o(.constdata), (216576 bytes).
    Removing drawing.o(.rev16_text), (4 bytes).
    Removing drawing.o(.revsh_text), (4 bytes).
    Removing drawing.o(.rrx_text), (6 bytes).
    Removing lib_rit.o(.rev16_text), (4 bytes).
    Removing lib_rit.o(.revsh_text), (4 bytes).
    Removing lib_rit.o(.rrx_text), (6 bytes).
    Removing irq_rit.o(.rev16_text), (4 bytes).
    Removing irq_rit.o(.revsh_text), (4 bytes).
    Removing irq_rit.o(.rrx_text), (6 bytes).
    Removing funct_joystick.o(.rev16_text), (4 bytes).
    Removing funct_joystick.o(.revsh_text), (4 bytes).
    Removing funct_joystick.o(.rrx_text), (6 bytes).
    Removing funct_joystick.o(.text), (2 bytes).
    Removing lib_joystick.o(.rev16_text), (4 bytes).
    Removing lib_joystick.o(.revsh_text), (4 bytes).
    Removing lib_joystick.o(.rrx_text), (6 bytes).
    Removing touchpanel.o(.rev16_text), (4 bytes).
    Removing touchpanel.o(.revsh_text), (4 bytes).
    Removing touchpanel.o(.rrx_text), (6 bytes).
    Removing irq_adc.o(.rev16_text), (4 bytes).
    Removing irq_adc.o(.revsh_text), (4 bytes).
    Removing irq_adc.o(.rrx_text), (6 bytes).
    Removing lib_adc.o(.rev16_text), (4 bytes).
    Removing lib_adc.o(.revsh_text), (4 bytes).
    Removing lib_adc.o(.rrx_text), (6 bytes).
    Removing music.o(.rev16_text), (4 bytes).
    Removing music.o(.revsh_text), (4 bytes).
    Removing music.o(.rrx_text), (6 bytes).

47 unused section(s) (total 221110 bytes) removed from the image.

==============================================================================

Image Symbol Table

    Local Symbols

    Symbol Name                              Value     Ov Type        Size  Object(Section)

    RESET                                    0x00000000   Section      204  startup_lpc17xx.o(RESET)
    ../clib/angel/boardlib.s                 0x00000000   Number         0  boardshut.o ABSOLUTE
    ../clib/angel/boardlib.s                 0x00000000   Number         0  boardinit2.o ABSOLUTE
    ../clib/angel/boardlib.s                 0x00000000   Number         0  boardinit3.o ABSOLUTE
    ../clib/angel/boardlib.s                 0x00000000   Number         0  boardinit1.o ABSOLUTE
    ../clib/angel/dclz77c.s                  0x00000000   Number         0  __dclz77c.o ABSOLUTE
    ../clib/angel/handlers.s                 0x00000000   Number         0  __scatter_zi.o ABSOLUTE
    ../clib/angel/kernel.s                   0x00000000   Number         0  __rtentry4.o ABSOLUTE
    ../clib/angel/kernel.s                   0x00000000   Number         0  rtexit.o ABSOLUTE
    ../clib/angel/kernel.s                   0x00000000   Number         0  __rtentry.o ABSOLUTE
    ../clib/angel/kernel.s                   0x00000000   Number         0  rtexit2.o ABSOLUTE
    ../clib/angel/kernel.s                   0x00000000   Number         0  __rtentry2.o ABSOLUTE
    ../clib/angel/rt.s                       0x00000000   Number         0  rt_raise.o ABSOLUTE
    ../clib/angel/scatter.s                  0x00000000   Number         0  __scatter.o ABSOLUTE
    ../clib/angel/startup.s                  0x00000000   Number         0  __main.o ABSOLUTE
    ../clib/angel/sys.s                      0x00000000   Number         0  sys_stackheap_outer.o ABSOLUTE
    ../clib/angel/sys.s                      0x00000000   Number         0  use_no_semi.o ABSOLUTE
    ../clib/angel/sys.s                      0x00000000   Number         0  indicate_semi.o ABSOLUTE
    ../clib/angel/sys.s                      0x00000000   Number         0  libspace.o ABSOLUTE
    ../clib/angel/sysapp.c                   0x00000000   Number         0  sys_exit.o ABSOLUTE
    ../clib/angel/sysapp.c                   0x00000000   Number         0  sys_command.o ABSOLUTE
    ../clib/angel/sysapp.c                   0x00000000   Number         0  sys_wrch.o ABSOLUTE
    ../clib/armsys.c                         0x00000000   Number         0  _get_argv_nomalloc.o ABSOLUTE
    ../clib/armsys.c                         0x00000000   Number         0  no_argv.o ABSOLUTE
    ../clib/armsys.c                         0x00000000   Number         0  argv_veneer.o ABSOLUTE
    ../clib/armsys.c                         0x00000000   Number         0  argv_veneer.o ABSOLUTE
    ../clib/heapalloc.c                      0x00000000   Number         0  hrguard.o ABSOLUTE
    ../clib/heapaux.c                        0x00000000   Number         0  heapauxi.o ABSOLUTE
    ../clib/libinit.s                        0x00000000   Number         0  libinit2.o ABSOLUTE
    ../clib/libinit.s                        0x00000000   Number         0  libshutdown2.o ABSOLUTE
    ../clib/libinit.s                        0x00000000   Number         0  libshutdown.o ABSOLUTE
    ../clib/libinit.s                        0x00000000   Number         0  libinit.o ABSOLUTE
    ../clib/memcpset.s                       0x00000000   Number         0  rt_memcpy_v6.o ABSOLUTE
    ../clib/memcpset.s                       0x00000000   Number         0  rt_memcpy_w.o ABSOLUTE
    ../clib/memcpset.s                       0x00000000   Number         0  rt_memclr_w.o ABSOLUTE
    ../clib/memcpset.s                       0x00000000   Number         0  strcmpv7m.o ABSOLUTE
    ../clib/misc.s                           0x00000000   Number         0  printf_stubs.o ABSOLUTE
    ../clib/printf.c                         0x00000000   Number         0  __printf_flags_ss_wp.o ABSOLUTE
    ../clib/printf.c                         0x00000000   Number         0  __printf_ss_wp.o ABSOLUTE
    ../clib/printf.c                         0x00000000   Number         0  __printf_flags_wp.o ABSOLUTE
    ../clib/printf.c                         0x00000000   Number         0  __printf_wp.o ABSOLUTE
    ../clib/printf.c                         0x00000000   Number         0  __printf_flags_ss.o ABSOLUTE
    ../clib/printf.c                         0x00000000   Number         0  __printf_ss.o ABSOLUTE
    ../clib/printf.c                         0x00000000   Number         0  __printf_flags.o ABSOLUTE
    ../clib/printf.c                         0x00000000   Number         0  _printf_dec.o ABSOLUTE
    ../clib/printf.c                         0x00000000   Number         0  __printf.o ABSOLUTE
    ../clib/printf.c                         0x00000000   Number         0  noretval__2sprintf.o ABSOLUTE
    ../clib/printf.c                         0x00000000   Number         0  __2sprintf.o ABSOLUTE
    ../clib/printf.c                         0x00000000   Number         0  _printf_intcommon.o ABSOLUTE
    ../clib/printf.c                         0x00000000   Number         0  _printf_char_common.o ABSOLUTE
    ../clib/printf.c                         0x00000000   Number         0  __printf_nopercent.o ABSOLUTE
    ../clib/printf.c                         0x00000000   Number         0  _sputc.o ABSOLUTE
    ../clib/printf_percent.s                 0x00000000   Number         0  _printf_d.o ABSOLUTE
    ../clib/printf_percent.s                 0x00000000   Number         0  _printf_percent_end.o ABSOLUTE
    ../clib/printf_percent.s                 0x00000000   Number         0  _printf_percent.o ABSOLUTE
    ../clib/signal.c                         0x00000000   Number         0  defsig_rtmem_inner.o ABSOLUTE
    ../clib/signal.c                         0x00000000   Number         0  defsig_exit.o ABSOLUTE
    ../clib/signal.c                         0x00000000   Number         0  defsig_other.o ABSOLUTE
    ../clib/signal.c                         0x00000000   Number         0  defsig_general.o ABSOLUTE
    ../clib/signal.c                         0x00000000   Number         0  defsig_segv_inner.o ABSOLUTE
    ../clib/signal.c                         0x00000000   Number         0  defsig_cppl_inner.o ABSOLUTE
    ../clib/signal.c                         0x00000000   Number         0  defsig_pvfn_inner.o ABSOLUTE
    ../clib/signal.c                         0x00000000   Number         0  defsig_stak_inner.o ABSOLUTE
    ../clib/signal.c                         0x00000000   Number         0  defsig_rtred_inner.o ABSOLUTE
    ../clib/signal.c                         0x00000000   Number         0  defsig_abrt_inner.o ABSOLUTE
    ../clib/signal.c                         0x00000000   Number         0  defsig_rtmem_formal.o ABSOLUTE
    ../clib/signal.c                         0x00000000   Number         0  defsig_rtmem_outer.o ABSOLUTE
    ../clib/signal.c                         0x00000000   Number         0  __raise.o ABSOLUTE
    ../clib/signal.c                         0x00000000   Number         0  defsig_fpe_inner.o ABSOLUTE
    ../clib/signal.s                         0x00000000   Number         0  defsig.o ABSOLUTE
    ../clib/stdlib.c                         0x00000000   Number         0  exit.o ABSOLUTE
    ../fplib/daddsub.s                       0x00000000   Number         0  daddsub_clz.o ABSOLUTE
    ../fplib/dcmpi.s                         0x00000000   Number         0  dcmpi.o ABSOLUTE
    ../fplib/ddiv.s                          0x00000000   Number         0  ddiv.o ABSOLUTE
    ../fplib/deqf.s                          0x00000000   Number         0  deqf.o ABSOLUTE
    ../fplib/dfixu.s                         0x00000000   Number         0  dfixu.o ABSOLUTE
    ../fplib/dflt.s                          0x00000000   Number         0  dflt_clz.o ABSOLUTE
    ../fplib/dmul.s                          0x00000000   Number         0  dmul.o ABSOLUTE
    ../fplib/dnaninf.s                       0x00000000   Number         0  dnaninf.o ABSOLUTE
    ../fplib/dretinf.s                       0x00000000   Number         0  dretinf.o ABSOLUTE
    ../fplib/fpinit.s                        0x00000000   Number         0  fpinit.o ABSOLUTE
    ../fplib/usenofp.s                       0x00000000   Number         0  usenofp.o ABSOLUTE
    Drawing.c                                0x00000000   Number         0  drawing.o ABSOLUTE
    Drawing.c                                0x00000000   Number         0  drawing.o ABSOLUTE
    GLCD\AsciiLib.c                          0x00000000   Number         0  asciilib.o ABSOLUTE
    GLCD\GLCD.c                              0x00000000   Number         0  glcd.o ABSOLUTE
    GLCD\HzLib.c                             0x00000000   Number         0  hzlib.o ABSOLUTE
    GLCD\\GLCD.c                             0x00000000   Number         0  glcd.o ABSOLUTE
    RIT\IRQ_RIT.c                            0x00000000   Number         0  irq_rit.o ABSOLUTE
    RIT\\IRQ_RIT.c                           0x00000000   Number         0  irq_rit.o ABSOLUTE
    RIT\\lib_RIT.c                           0x00000000   Number         0  lib_rit.o ABSOLUTE
    RIT\lib_RIT.c                            0x00000000   Number         0  lib_rit.o ABSOLUTE
    TouchPanel\TouchPanel.c                  0x00000000   Number         0  touchpanel.o ABSOLUTE
    TouchPanel\\TouchPanel.c                 0x00000000   Number         0  touchpanel.o ABSOLUTE
    adc\IRQ_adc.c                            0x00000000   Number         0  irq_adc.o ABSOLUTE
    adc\\IRQ_adc.c                           0x00000000   Number         0  irq_adc.o ABSOLUTE
    adc\\lib_adc.c                           0x00000000   Number         0  lib_adc.o ABSOLUTE
    adc\lib_adc.c                            0x00000000   Number         0  lib_adc.o ABSOLUTE
    core_cm3.c                               0x00000000   Number         0  core_cm3.o ABSOLUTE
    core_cm3.c                               0x00000000   Number         0  core_cm3.o ABSOLUTE
    dc.s                                     0x00000000   Number         0  dc.o ABSOLUTE
    joystick\\funct_joystick.c               0x00000000   Number         0  funct_joystick.o ABSOLUTE
    joystick\\lib_joystick.c                 0x00000000   Number         0  lib_joystick.o ABSOLUTE
    joystick\funct_joystick.c                0x00000000   Number         0  funct_joystick.o ABSOLUTE
    joystick\lib_joystick.c                  0x00000000   Number         0  lib_joystick.o ABSOLUTE
    sample.c                                 0x00000000   Number         0  sample.o ABSOLUTE
    sample.c                                 0x00000000   Number         0  sample.o ABSOLUTE
    sound\\music.c                           0x00000000   Number         0  music.o ABSOLUTE
    sound\music.c                            0x00000000   Number         0  music.o ABSOLUTE
    startup_LPC17xx.s                        0x00000000   Number         0  startup_lpc17xx.o ABSOLUTE
    system_LPC17xx.c                         0x00000000   Number         0  system_lpc17xx.o ABSOLUTE
    system_LPC17xx.c                         0x00000000   Number         0  system_lpc17xx.o ABSOLUTE
    timer\IRQ_timer.c                        0x00000000   Number         0  irq_timer.o ABSOLUTE
    timer\\IRQ_timer.c                       0x00000000   Number         0  irq_timer.o ABSOLUTE
    timer\\lib_timer.c                       0x00000000   Number         0  lib_timer.o ABSOLUTE
    timer\lib_timer.c                        0x00000000   Number         0  lib_timer.o ABSOLUTE
    !!!main                                  0x000000cc   Section        8  __main.o(!!!main)
    !!!scatter                               0x000000d4   Section       52  __scatter.o(!!!scatter)
    !!dclz77c                                0x00000108   Section      100  __dclz77c.o(!!dclz77c)
    !!handler_zi                             0x0000016c   Section       28  __scatter_zi.o(!!handler_zi)
    .ARM.Collect$$_printf_percent$$00000000  0x00000188   Section        0  _printf_percent.o(.ARM.Collect$$_printf_percent$$00000000)
    .ARM.Collect$$_printf_percent$$00000009  0x00000188   Section        6  _printf_d.o(.ARM.Collect$$_printf_percent$$00000009)
    .ARM.Collect$$_printf_percent$$00000017  0x0000018e   Section        4  _printf_percent_end.o(.ARM.Collect$$_printf_percent$$00000017)
    .ARM.Collect$$libinit$$00000000          0x00000192   Section        2  libinit.o(.ARM.Collect$$libinit$$00000000)
    .ARM.Collect$$libinit$$00000002          0x00000194   Section        0  libinit2.o(.ARM.Collect$$libinit$$00000002)
    .ARM.Collect$$libinit$$00000004          0x00000194   Section        0  libinit2.o(.ARM.Collect$$libinit$$00000004)
    .ARM.Collect$$libinit$$0000000A          0x00000194   Section        0  libinit2.o(.ARM.Collect$$libinit$$0000000A)
    .ARM.Collect$$libinit$$0000000C          0x00000194   Section        0  libinit2.o(.ARM.Collect$$libinit$$0000000C)
    .ARM.Collect$$libinit$$0000000E          0x00000194   Section        0  libinit2.o(.ARM.Collect$$libinit$$0000000E)
    .ARM.Collect$$libinit$$00000011          0x00000194   Section        0  libinit2.o(.ARM.Collect$$libinit$$00000011)
    .ARM.Collect$$libinit$$00000013          0x00000194   Section        0  libinit2.o(.ARM.Collect$$libinit$$00000013)
    .ARM.Collect$$libinit$$00000015          0x00000194   Section        0  libinit2.o(.ARM.Collect$$libinit$$00000015)
    .ARM.Collect$$libinit$$00000017          0x00000194   Section        0  libinit2.o(.ARM.Collect$$libinit$$00000017)
    .ARM.Collect$$libinit$$00000019          0x00000194   Section        0  libinit2.o(.ARM.Collect$$libinit$$00000019)
    .ARM.Collect$$libinit$$0000001B          0x00000194   Section        0  libinit2.o(.ARM.Collect$$libinit$$0000001B)
    .ARM.Collect$$libinit$$0000001D          0x00000194   Section        0  libinit2.o(.ARM.Collect$$libinit$$0000001D)
    .ARM.Collect$$libinit$$0000001F          0x00000194   Section        0  libinit2.o(.ARM.Collect$$libinit$$0000001F)
    .ARM.Collect$$libinit$$00000021          0x00000194   Section        0  libinit2.o(.ARM.Collect$$libinit$$00000021)
    .ARM.Collect$$libinit$$00000023          0x00000194   Section        0  libinit2.o(.ARM.Collect$$libinit$$00000023)
    .ARM.Collect$$libinit$$00000025          0x00000194   Section        0  libinit2.o(.ARM.Collect$$libinit$$00000025)
    .ARM.Collect$$libinit$$0000002C          0x00000194   Section        0  libinit2.o(.ARM.Collect$$libinit$$0000002C)
    .ARM.Collect$$libinit$$0000002E          0x00000194   Section        0  libinit2.o(.ARM.Collect$$libinit$$0000002E)
    .ARM.Collect$$libinit$$00000030          0x00000194   Section        0  libinit2.o(.ARM.Collect$$libinit$$00000030)
    .ARM.Collect$$libinit$$00000032          0x00000194   Section        0  libinit2.o(.ARM.Collect$$libinit$$00000032)
    .ARM.Collect$$libinit$$00000033          0x00000194   Section        2  libinit2.o(.ARM.Collect$$libinit$$00000033)
    .ARM.Collect$$libshutdown$$00000000      0x00000196   Section        2  libshutdown.o(.ARM.Collect$$libshutdown$$00000000)
    .ARM.Collect$$libshutdown$$00000002      0x00000198   Section        0  libshutdown2.o(.ARM.Collect$$libshutdown$$00000002)
    .ARM.Collect$$libshutdown$$00000004      0x00000198   Section        0  libshutdown2.o(.ARM.Collect$$libshutdown$$00000004)
    .ARM.Collect$$libshutdown$$00000006      0x00000198   Section        0  libshutdown2.o(.ARM.Collect$$libshutdown$$00000006)
    .ARM.Collect$$libshutdown$$00000009      0x00000198   Section        0  libshutdown2.o(.ARM.Collect$$libshutdown$$00000009)
    .ARM.Collect$$libshutdown$$0000000C      0x00000198   Section        0  libshutdown2.o(.ARM.Collect$$libshutdown$$0000000C)
    .ARM.Collect$$libshutdown$$0000000E      0x00000198   Section        0  libshutdown2.o(.ARM.Collect$$libshutdown$$0000000E)
    .ARM.Collect$$libshutdown$$00000011      0x00000198   Section        0  libshutdown2.o(.ARM.Collect$$libshutdown$$00000011)
    .ARM.Collect$$libshutdown$$00000012      0x00000198   Section        2  libshutdown2.o(.ARM.Collect$$libshutdown$$00000012)
    .ARM.Collect$$rtentry$$00000000          0x0000019a   Section        0  __rtentry.o(.ARM.Collect$$rtentry$$00000000)
    .ARM.Collect$$rtentry$$00000002          0x0000019a   Section        0  __rtentry2.o(.ARM.Collect$$rtentry$$00000002)
    .ARM.Collect$$rtentry$$00000004          0x0000019a   Section        6  __rtentry4.o(.ARM.Collect$$rtentry$$00000004)
    .ARM.Collect$$rtentry$$00000009          0x000001a0   Section        0  __rtentry2.o(.ARM.Collect$$rtentry$$00000009)
    .ARM.Collect$$rtentry$$0000000A          0x000001a0   Section        4  __rtentry2.o(.ARM.Collect$$rtentry$$0000000A)
    .ARM.Collect$$rtentry$$0000000C          0x000001a4   Section        0  __rtentry2.o(.ARM.Collect$$rtentry$$0000000C)
    .ARM.Collect$$rtentry$$0000000D          0x000001a4   Section        8  __rtentry2.o(.ARM.Collect$$rtentry$$0000000D)
    .ARM.Collect$$rtexit$$00000000           0x000001ac   Section        2  rtexit.o(.ARM.Collect$$rtexit$$00000000)
    .ARM.Collect$$rtexit$$00000002           0x000001ae   Section        0  rtexit2.o(.ARM.Collect$$rtexit$$00000002)
    .ARM.Collect$$rtexit$$00000003           0x000001ae   Section        4  rtexit2.o(.ARM.Collect$$rtexit$$00000003)
    .ARM.Collect$$rtexit$$00000004           0x000001b2   Section        6  rtexit2.o(.ARM.Collect$$rtexit$$00000004)
    .text                                    0x000001b8   Section       52  startup_lpc17xx.o(.text)
    .text                                    0x000001ec   Section        0  sample.o(.text)
    .text                                    0x00000298   Section        0  asciilib.o(.text)
    .text                                    0x000002b8   Section        0  noretval__2sprintf.o(.text)
    .text                                    0x000002e0   Section        0  heapauxi.o(.text)
    .text                                    0x000002e6   Section        0  _sputc.o(.text)
    .text                                    0x000002f0   Section        8  libspace.o(.text)
    .text                                    0x000002f8   Section        2  use_no_semi.o(.text)
    .text                                    0x000002fa   Section        0  indicate_semi.o(.text)
    x$fpl$usenofp                            0x000002fa   Section        0  usenofp.o(x$fpl$usenofp)
    .ARM.__at_0x02FC                         0x000002fc   Section        4  startup_lpc17xx.o(.ARM.__at_0x02FC)
    .text                                    0x00000300   Section        0  system_lpc17xx.o(.text)
    .text                                    0x0000052c   Section        0  irq_timer.o(.text)
    .text                                    0x000009c8   Section        0  lib_timer.o(.text)
    __NVIC_EnableIRQ                         0x000009c9   Thumb Code    34  lib_timer.o(.text)
    __NVIC_SetPriority                       0x000009eb   Thumb Code    32  lib_timer.o(.text)
    .text                                    0x00000b70   Section        0  glcd.o(.text)
    LCD_Configuration                        0x00000b71   Thumb Code    20  glcd.o(.text)
    wait_delay                               0x00000b85   Thumb Code    12  glcd.o(.text)
    LCD_SetCursor                            0x00000b91   Thumb Code  1356  glcd.o(.text)
    delay_ms                                 0x000010dd   Thumb Code    30  glcd.o(.text)
    LCD_BGR2RGB                              0x000068a5   Thumb Code    26  glcd.o(.text)
    .text                                    0x000078e4   Section        0  drawing.o(.text)
    .text                                    0x00008438   Section        0  lib_rit.o(.text)
    .text                                    0x000084f8   Section        0  irq_rit.o(.text)
    .text                                    0x0000872c   Section        0  lib_joystick.o(.text)
    .text                                    0x00008780   Section        0  touchpanel.o(.text)
    ADS7843_SPI_Init                         0x00008791   Thumb Code   128  touchpanel.o(.text)
    DelayUS                                  0x0000882f   Thumb Code    28  touchpanel.o(.text)
    WR_CMD                                   0x0000884b   Thumb Code    56  touchpanel.o(.text)
    RD_AD                                    0x00008883   Thumb Code    42  touchpanel.o(.text)
    .text                                    0x00009100   Section        0  irq_adc.o(.text)
    .text                                    0x00009184   Section        0  lib_adc.o(.text)
    .text                                    0x000091f0   Section        0  music.o(.text)
    .text                                    0x000092cc   Section        0  _printf_dec.o(.text)
    .text                                    0x00009344   Section        0  __printf_wp.o(.text)
    .text                                    0x00009452   Section      138  rt_memcpy_v6.o(.text)
    .text                                    0x000094dc   Section       78  rt_memclr_w.o(.text)
    .text                                    0x0000952c   Section      128  strcmpv7m.o(.text)
    .text                                    0x000095ac   Section        0  _printf_intcommon.o(.text)
    .text                                    0x00009660   Section        0  _printf_char_common.o(.text)
    _printf_input_char                       0x00009661   Thumb Code    10  _printf_char_common.o(.text)
    .text                                    0x00009690   Section      100  rt_memcpy_w.o(.text)
    .text                                    0x000096f4   Section       74  sys_stackheap_outer.o(.text)
    .text                                    0x0000973e   Section        0  exit.o(.text)
    .text                                    0x00009750   Section        0  sys_exit.o(.text)
    i._is_digit                              0x0000975c   Section        0  __printf_wp.o(i._is_digit)
    x$fpl$dadd                               0x0000976c   Section      336  daddsub_clz.o(x$fpl$dadd)
    _dadd1                                   0x0000977d   Thumb Code     0  daddsub_clz.o(x$fpl$dadd)
    x$fpl$dcmpinf                            0x000098bc   Section       24  dcmpi.o(x$fpl$dcmpinf)
    x$fpl$ddiv                               0x000098d4   Section      688  ddiv.o(x$fpl$ddiv)
    ddiv_entry                               0x000098db   Thumb Code     0  ddiv.o(x$fpl$ddiv)
    x$fpl$deqf                               0x00009b84   Section      120  deqf.o(x$fpl$deqf)
    x$fpl$dfixu                              0x00009bfc   Section       90  dfixu.o(x$fpl$dfixu)
    x$fpl$dflt                               0x00009c56   Section       46  dflt_clz.o(x$fpl$dflt)
    x$fpl$dfltu                              0x00009c84   Section       38  dflt_clz.o(x$fpl$dfltu)
    x$fpl$dmul                               0x00009cac   Section      340  dmul.o(x$fpl$dmul)
    x$fpl$dnaninf                            0x00009e00   Section      156  dnaninf.o(x$fpl$dnaninf)
    x$fpl$dretinf                            0x00009e9c   Section       12  dretinf.o(x$fpl$dretinf)
    x$fpl$dsub                               0x00009ea8   Section      468  daddsub_clz.o(x$fpl$dsub)
    _dsub1                                   0x00009eb9   Thumb Code     0  daddsub_clz.o(x$fpl$dsub)
    .constdata                               0x0000a07c   Section     1520  asciilib.o(.constdata)
    AsciiLib                                 0x0000a07c   Data        1520  asciilib.o(.constdata)
    .data                                    0x10000000   Section        4  system_lpc17xx.o(.data)
    .data                                    0x10000004   Section     4352  irq_timer.o(.data)
    matrix1                                  0x10000004   Data         988  irq_timer.o(.data)
    matrix2                                  0x100003e0   Data        1248  irq_timer.o(.data)
    matrix3                                  0x100008c0   Data        1184  irq_timer.o(.data)
    matrix4                                  0x10000d60   Data         588  irq_timer.o(.data)
    matrix5                                  0x10000fac   Data         242  irq_timer.o(.data)
    level_happiness                          0x1000109e   Data           1  irq_timer.o(.data)
    level_satiety                            0x1000109f   Data           1  irq_timer.o(.data)
    feeding                                  0x100010a0   Data           1  irq_timer.o(.data)
    time_feed                                0x100010a1   Data           1  irq_timer.o(.data)
    cuddling                                 0x100010a2   Data           1  irq_timer.o(.data)
    time_cuddle                              0x100010a3   Data           1  irq_timer.o(.data)
    flag                                     0x100010a4   Data           1  irq_timer.o(.data)
    batteries                                0x100010a5   Data           1  irq_timer.o(.data)
    ticks                                    0x10001100   Data           4  irq_timer.o(.data)
    .data                                    0x10001104   Section        4  glcd.o(.data)
    LCD_Code                                 0x10001104   Data           1  glcd.o(.data)
    back_color                               0x10001106   Data           2  glcd.o(.data)
    .data                                    0x10001108   Section       20  touchpanel.o(.data)
    screen                                   0x10001118   Data           4  touchpanel.o(.data)
    .data                                    0x1000111c   Section     4257  irq_adc.o(.data)
    matrix1                                  0x1000111c   Data         988  irq_adc.o(.data)
    matrix2                                  0x100014f8   Data        1248  irq_adc.o(.data)
    matrix3                                  0x100019d8   Data        1184  irq_adc.o(.data)
    matrix4                                  0x10001e78   Data         588  irq_adc.o(.data)
    matrix5                                  0x100020c4   Data         242  irq_adc.o(.data)
    level_happiness                          0x100021b6   Data           1  irq_adc.o(.data)
    level_satiety                            0x100021b7   Data           1  irq_adc.o(.data)
    .data                                    0x100021c0   Section       72  music.o(.data)
    .bss                                     0x10002208   Section       11  drawing.o(.bss)
    .bss                                     0x10002218   Section       68  touchpanel.o(.bss)
    .bss                                     0x1000225c   Section       96  libspace.o(.bss)
    HEAP                                     0x100022c0   Section        0  startup_lpc17xx.o(HEAP)
    Heap_Mem                                 0x100022c0   Data           0  startup_lpc17xx.o(HEAP)
    .data                                    0x2007c000   Section     4261  drawing.o(.data)
    matrix1                                  0x2007c000   Data         988  drawing.o(.data)
    matrix2                                  0x2007c3dc   Data        1248  drawing.o(.data)
    matrix3                                  0x2007c8bc   Data        1184  drawing.o(.data)
    matrix4                                  0x2007cd5c   Data         588  drawing.o(.data)
    matrix5                                  0x2007cfa8   Data         242  drawing.o(.data)
    level_happiness                          0x2007d09a   Data           1  drawing.o(.data)
    level_satiety                            0x2007d09b   Data           1  drawing.o(.data)
    .data                                    0x2007d0a8   Section     4264  irq_rit.o(.data)
    matrix1                                  0x2007d0a8   Data         988  irq_rit.o(.data)
    matrix2                                  0x2007d484   Data        1248  irq_rit.o(.data)
    matrix3                                  0x2007d964   Data        1184  irq_rit.o(.data)
    matrix4                                  0x2007de04   Data         588  irq_rit.o(.data)
    matrix5                                  0x2007e050   Data         242  irq_rit.o(.data)
    level_happiness                          0x2007e142   Data           1  irq_rit.o(.data)
    level_satiety                            0x2007e143   Data           1  irq_rit.o(.data)
    select                                   0x2007e148   Data           4  irq_rit.o(.data)
    button                                   0x2007e14c   Data           4  irq_rit.o(.data)
    STACK                                    0x2007e150   Section      512  startup_lpc17xx.o(STACK)
    Stack_Mem                                0x2007e150   Data         512  startup_lpc17xx.o(STACK)
    __initial_sp                             0x2007e350   Data           0  startup_lpc17xx.o(STACK)

    Global Symbols

    Symbol Name                              Value     Ov Type        Size  Object(Section)

    BuildAttributes$$THM_ISAv4$P$D$K$B$S$PE$A:L22UL41UL21$X:L11$S22US41US21$IEEE1$IW$USESV6$~STKCKD$USESV7$~SHL$OSPACE$ROPI$EBA8$UX$STANDARDLIB$REQ8$PRES8$EABIv2 0x00000000   Number         0  anon$$obj.o ABSOLUTE
    __ARM_use_no_argv                        0x00000000   Number         0  sample.o ABSOLUTE
    __Vectors                                0x00000000   Data           4  startup_lpc17xx.o(RESET)
    _printf_flags                            0x00000000   Number         0  printf_stubs.o ABSOLUTE
    _printf_return_value                     0x00000000   Number         0  printf_stubs.o ABSOLUTE
    _printf_sizespec                         0x00000000   Number         0  printf_stubs.o ABSOLUTE
    _printf_widthprec                        0x00000000   Number         0  printf_stubs.o ABSOLUTE
    __ARM_exceptions_init                     - Undefined Weak Reference
    __alloca_initialize                       - Undefined Weak Reference
    __arm_fini_                               - Undefined Weak Reference
    __arm_preinit_                            - Undefined Weak Reference
    __cpp_initialize__aeabi_                  - Undefined Weak Reference
    __cxa_finalize                            - Undefined Weak Reference
    __rt_locale                               - Undefined Weak Reference
    __sigvec_lookup                           - Undefined Weak Reference
    _atexit_init                              - Undefined Weak Reference
    _call_atexit_fns                          - Undefined Weak Reference
    _clock_init                               - Undefined Weak Reference
    _fp_trap_init                             - Undefined Weak Reference
    _fp_trap_shutdown                         - Undefined Weak Reference
    _get_lc_collate                           - Undefined Weak Reference
    _get_lc_ctype                             - Undefined Weak Reference
    _get_lc_monetary                          - Undefined Weak Reference
    _get_lc_numeric                           - Undefined Weak Reference
    _get_lc_time                              - Undefined Weak Reference
    _getenv_init                              - Undefined Weak Reference
    _handle_redirection                       - Undefined Weak Reference
    _init_alloc                               - Undefined Weak Reference
    _init_user_alloc                          - Undefined Weak Reference
    _initio                                   - Undefined Weak Reference
    _printf_post_padding                      - Undefined Weak Reference
    _printf_pre_padding                       - Undefined Weak Reference
    _printf_truncate_signed                   - Undefined Weak Reference
    _printf_truncate_unsigned                 - Undefined Weak Reference
    _rand_init                                - Undefined Weak Reference
    _signal_finish                            - Undefined Weak Reference
    _signal_init                              - Undefined Weak Reference
    _terminate_alloc                          - Undefined Weak Reference
    _terminate_user_alloc                     - Undefined Weak Reference
    _terminateio                              - Undefined Weak Reference
    __main                                   0x000000cd   Thumb Code     8  __main.o(!!!main)
    __scatterload                            0x000000d5   Thumb Code     0  __scatter.o(!!!scatter)
    __scatterload_rt2                        0x000000d5   Thumb Code    44  __scatter.o(!!!scatter)
    __scatterload_rt2_thumb_only             0x000000d5   Thumb Code     0  __scatter.o(!!!scatter)
    __scatterload_null                       0x000000e3   Thumb Code     0  __scatter.o(!!!scatter)
    __decompress                             0x00000109   Thumb Code   100  __dclz77c.o(!!dclz77c)
    __decompress2                            0x00000109   Thumb Code     0  __dclz77c.o(!!dclz77c)
    __scatterload_zeroinit                   0x0000016d   Thumb Code    28  __scatter_zi.o(!!handler_zi)
    _printf_d                                0x00000189   Thumb Code     0  _printf_d.o(.ARM.Collect$$_printf_percent$$00000009)
    _printf_percent                          0x00000189   Thumb Code     0  _printf_percent.o(.ARM.Collect$$_printf_percent$$00000000)
    _printf_percent_end                      0x0000018f   Thumb Code     0  _printf_percent_end.o(.ARM.Collect$$_printf_percent$$00000017)
    __rt_lib_init                            0x00000193   Thumb Code     0  libinit.o(.ARM.Collect$$libinit$$00000000)
    __rt_lib_init_alloca_1                   0x00000195   Thumb Code     0  libinit2.o(.ARM.Collect$$libinit$$0000002E)
    __rt_lib_init_argv_1                     0x00000195   Thumb Code     0  libinit2.o(.ARM.Collect$$libinit$$0000002C)
    __rt_lib_init_atexit_1                   0x00000195   Thumb Code     0  libinit2.o(.ARM.Collect$$libinit$$0000001B)
    __rt_lib_init_clock_1                    0x00000195   Thumb Code     0  libinit2.o(.ARM.Collect$$libinit$$00000021)
    __rt_lib_init_cpp_1                      0x00000195   Thumb Code     0  libinit2.o(.ARM.Collect$$libinit$$00000032)
    __rt_lib_init_exceptions_1               0x00000195   Thumb Code     0  libinit2.o(.ARM.Collect$$libinit$$00000030)
    __rt_lib_init_fp_1                       0x00000195   Thumb Code     0  libinit2.o(.ARM.Collect$$libinit$$00000002)
    __rt_lib_init_fp_trap_1                  0x00000195   Thumb Code     0  libinit2.o(.ARM.Collect$$libinit$$0000001F)
    __rt_lib_init_getenv_1                   0x00000195   Thumb Code     0  libinit2.o(.ARM.Collect$$libinit$$00000023)
    __rt_lib_init_heap_1                     0x00000195   Thumb Code     0  libinit2.o(.ARM.Collect$$libinit$$0000000A)
    __rt_lib_init_lc_collate_1               0x00000195   Thumb Code     0  libinit2.o(.ARM.Collect$$libinit$$00000011)
    __rt_lib_init_lc_ctype_1                 0x00000195   Thumb Code     0  libinit2.o(.ARM.Collect$$libinit$$00000013)
    __rt_lib_init_lc_monetary_1              0x00000195   Thumb Code     0  libinit2.o(.ARM.Collect$$libinit$$00000015)
    __rt_lib_init_lc_numeric_1               0x00000195   Thumb Code     0  libinit2.o(.ARM.Collect$$libinit$$00000017)
    __rt_lib_init_lc_time_1                  0x00000195   Thumb Code     0  libinit2.o(.ARM.Collect$$libinit$$00000019)
    __rt_lib_init_preinit_1                  0x00000195   Thumb Code     0  libinit2.o(.ARM.Collect$$libinit$$00000004)
    __rt_lib_init_rand_1                     0x00000195   Thumb Code     0  libinit2.o(.ARM.Collect$$libinit$$0000000E)
    __rt_lib_init_return                     0x00000195   Thumb Code     0  libinit2.o(.ARM.Collect$$libinit$$00000033)
    __rt_lib_init_signal_1                   0x00000195   Thumb Code     0  libinit2.o(.ARM.Collect$$libinit$$0000001D)
    __rt_lib_init_stdio_1                    0x00000195   Thumb Code     0  libinit2.o(.ARM.Collect$$libinit$$00000025)
    __rt_lib_init_user_alloc_1               0x00000195   Thumb Code     0  libinit2.o(.ARM.Collect$$libinit$$0000000C)
    __rt_lib_shutdown                        0x00000197   Thumb Code     0  libshutdown.o(.ARM.Collect$$libshutdown$$00000000)
    __rt_lib_shutdown_cpp_1                  0x00000199   Thumb Code     0  libshutdown2.o(.ARM.Collect$$libshutdown$$00000004)
    __rt_lib_shutdown_fini_1                 0x00000199   Thumb Code     0  libshutdown2.o(.ARM.Collect$$libshutdown$$00000002)
    __rt_lib_shutdown_fp_trap_1              0x00000199   Thumb Code     0  libshutdown2.o(.ARM.Collect$$libshutdown$$00000009)
    __rt_lib_shutdown_heap_1                 0x00000199   Thumb Code     0  libshutdown2.o(.ARM.Collect$$libshutdown$$00000011)
    __rt_lib_shutdown_return                 0x00000199   Thumb Code     0  libshutdown2.o(.ARM.Collect$$libshutdown$$00000012)
    __rt_lib_shutdown_signal_1               0x00000199   Thumb Code     0  libshutdown2.o(.ARM.Collect$$libshutdown$$0000000C)
    __rt_lib_shutdown_stdio_1                0x00000199   Thumb Code     0  libshutdown2.o(.ARM.Collect$$libshutdown$$00000006)
    __rt_lib_shutdown_user_alloc_1           0x00000199   Thumb Code     0  libshutdown2.o(.ARM.Collect$$libshutdown$$0000000E)
    __rt_entry                               0x0000019b   Thumb Code     0  __rtentry.o(.ARM.Collect$$rtentry$$00000000)
    __rt_entry_presh_1                       0x0000019b   Thumb Code     0  __rtentry2.o(.ARM.Collect$$rtentry$$00000002)
    __rt_entry_sh                            0x0000019b   Thumb Code     0  __rtentry4.o(.ARM.Collect$$rtentry$$00000004)
    __rt_entry_li                            0x000001a1   Thumb Code     0  __rtentry2.o(.ARM.Collect$$rtentry$$0000000A)
    __rt_entry_postsh_1                      0x000001a1   Thumb Code     0  __rtentry2.o(.ARM.Collect$$rtentry$$00000009)
    __rt_entry_main                          0x000001a5   Thumb Code     0  __rtentry2.o(.ARM.Collect$$rtentry$$0000000D)
    __rt_entry_postli_1                      0x000001a5   Thumb Code     0  __rtentry2.o(.ARM.Collect$$rtentry$$0000000C)
    __rt_exit                                0x000001ad   Thumb Code     0  rtexit.o(.ARM.Collect$$rtexit$$00000000)
    __rt_exit_ls                             0x000001af   Thumb Code     0  rtexit2.o(.ARM.Collect$$rtexit$$00000003)
    __rt_exit_prels_1                        0x000001af   Thumb Code     0  rtexit2.o(.ARM.Collect$$rtexit$$00000002)
    __rt_exit_exit                           0x000001b3   Thumb Code     0  rtexit2.o(.ARM.Collect$$rtexit$$00000004)
    Reset_Handler                            0x000001b9   Thumb Code     4  startup_lpc17xx.o(.text)
    NMI_Handler                              0x000001bd   Thumb Code     2  startup_lpc17xx.o(.text)
    HardFault_Handler                        0x000001bf   Thumb Code     2  startup_lpc17xx.o(.text)
    MemManage_Handler                        0x000001c1   Thumb Code     2  startup_lpc17xx.o(.text)
    BusFault_Handler                         0x000001c3   Thumb Code     2  startup_lpc17xx.o(.text)
    UsageFault_Handler                       0x000001c5   Thumb Code     2  startup_lpc17xx.o(.text)
    SVC_Handler                              0x000001c7   Thumb Code     2  startup_lpc17xx.o(.text)
    DebugMon_Handler                         0x000001c9   Thumb Code     2  startup_lpc17xx.o(.text)
    PendSV_Handler                           0x000001cb   Thumb Code     2  startup_lpc17xx.o(.text)
    SysTick_Handler                          0x000001cd   Thumb Code     2  startup_lpc17xx.o(.text)
    BOD_IRQHandler                           0x000001cf   Thumb Code     0  startup_lpc17xx.o(.text)
    CANActivity_IRQHandler                   0x000001cf   Thumb Code     0  startup_lpc17xx.o(.text)
    CAN_IRQHandler                           0x000001cf   Thumb Code     0  startup_lpc17xx.o(.text)
    DMA_IRQHandler                           0x000001cf   Thumb Code     0  startup_lpc17xx.o(.text)
    EINT0_IRQHandler                         0x000001cf   Thumb Code     0  startup_lpc17xx.o(.text)
    EINT1_IRQHandler                         0x000001cf   Thumb Code     0  startup_lpc17xx.o(.text)
    EINT2_IRQHandler                         0x000001cf   Thumb Code     0  startup_lpc17xx.o(.text)
    EINT3_IRQHandler                         0x000001cf   Thumb Code     0  startup_lpc17xx.o(.text)
    ENET_IRQHandler                          0x000001cf   Thumb Code     0  startup_lpc17xx.o(.text)
    I2C0_IRQHandler                          0x000001cf   Thumb Code     0  startup_lpc17xx.o(.text)
    I2C1_IRQHandler                          0x000001cf   Thumb Code     0  startup_lpc17xx.o(.text)
    I2C2_IRQHandler                          0x000001cf   Thumb Code     0  startup_lpc17xx.o(.text)
    I2S_IRQHandler                           0x000001cf   Thumb Code     0  startup_lpc17xx.o(.text)
    MCPWM_IRQHandler                         0x000001cf   Thumb Code     0  startup_lpc17xx.o(.text)
    PLL0_IRQHandler                          0x000001cf   Thumb Code     0  startup_lpc17xx.o(.text)
    PLL1_IRQHandler                          0x000001cf   Thumb Code     0  startup_lpc17xx.o(.text)
    PWM1_IRQHandler                          0x000001cf   Thumb Code     0  startup_lpc17xx.o(.text)
    QEI_IRQHandler                           0x000001cf   Thumb Code     0  startup_lpc17xx.o(.text)
    RTC_IRQHandler                           0x000001cf   Thumb Code     0  startup_lpc17xx.o(.text)
    SPI_IRQHandler                           0x000001cf   Thumb Code     0  startup_lpc17xx.o(.text)
    SSP0_IRQHandler                          0x000001cf   Thumb Code     0  startup_lpc17xx.o(.text)
    SSP1_IRQHandler                          0x000001cf   Thumb Code     0  startup_lpc17xx.o(.text)
    UART0_IRQHandler                         0x000001cf   Thumb Code     0  startup_lpc17xx.o(.text)
    UART1_IRQHandler                         0x000001cf   Thumb Code     0  startup_lpc17xx.o(.text)
    UART2_IRQHandler                         0x000001cf   Thumb Code     0  startup_lpc17xx.o(.text)
    UART3_IRQHandler                         0x000001cf   Thumb Code     0  startup_lpc17xx.o(.text)
    USBActivity_IRQHandler                   0x000001cf   Thumb Code     0  startup_lpc17xx.o(.text)
    USB_IRQHandler                           0x000001cf   Thumb Code     0  startup_lpc17xx.o(.text)
    WDT_IRQHandler                           0x000001cf   Thumb Code     0  startup_lpc17xx.o(.text)
    __user_initial_stackheap                 0x000001d1   Thumb Code     0  startup_lpc17xx.o(.text)
    main                                     0x000001ed   Thumb Code   142  sample.o(.text)
    GetASCIICode                             0x00000299   Thumb Code    26  asciilib.o(.text)
    __2sprintf                               0x000002b9   Thumb Code    34  noretval__2sprintf.o(.text)
    __use_two_region_memory                  0x000002e1   Thumb Code     2  heapauxi.o(.text)
    __rt_heap_escrow$2region                 0x000002e3   Thumb Code     2  heapauxi.o(.text)
    __rt_heap_expand$2region                 0x000002e5   Thumb Code     2  heapauxi.o(.text)
    _sputc                                   0x000002e7   Thumb Code    10  _sputc.o(.text)
    __user_libspace                          0x000002f1   Thumb Code     8  libspace.o(.text)
    __user_perproc_libspace                  0x000002f1   Thumb Code     0  libspace.o(.text)
    __user_perthread_libspace                0x000002f1   Thumb Code     0  libspace.o(.text)
    __I$use$semihosting                      0x000002f9   Thumb Code     0  use_no_semi.o(.text)
    __use_no_semihosting_swi                 0x000002f9   Thumb Code     2  use_no_semi.o(.text)
    __I$use$fp                               0x000002fa   Number         0  usenofp.o(x$fpl$usenofp)
    __semihosting_library_function           0x000002fb   Thumb Code     0  indicate_semi.o(.text)
    SystemInit                               0x00000301   Thumb Code   526  system_lpc17xx.o(.text)
    TIMER0_IRQHandler                        0x0000052d   Thumb Code   526  irq_timer.o(.text)
    TIMER1_IRQHandler                        0x0000073b   Thumb Code    70  irq_timer.o(.text)
    TIMER2_IRQHandler                        0x00000781   Thumb Code   328  irq_timer.o(.text)
    TIMER3_IRQHandler                        0x000008c9   Thumb Code   240  irq_timer.o(.text)
    enable_timer                             0x00000a0b   Thumb Code    48  lib_timer.o(.text)
    disable_timer                            0x00000a3b   Thumb Code    48  lib_timer.o(.text)
    reset_timer                              0x00000a6b   Thumb Code    66  lib_timer.o(.text)
    init_timer                               0x00000aad   Thumb Code   170  lib_timer.o(.text)
    wait                                     0x000010fb   Thumb Code     4  glcd.o(.text)
    LCD_WritePixel                           0x000010ff   Thumb Code    64  glcd.o(.text)
    LCD_WriteCommand                         0x0000113f   Thumb Code    74  glcd.o(.text)
    LCD_ClearWindow                          0x00001189   Thumb Code   682  glcd.o(.text)
    LCD_Clear                                0x00001433   Thumb Code  1384  glcd.o(.text)
    LCD_SetBackground                        0x0000199b   Thumb Code    16  glcd.o(.text)
    LCD_Initialization                       0x000019ab   Thumb Code 20218  glcd.o(.text)
    LCD_GetPoint                             0x000068bf   Thumb Code   984  glcd.o(.text)
    LCD_SetPoint                             0x00006c97   Thumb Code   216  glcd.o(.text)
    LCD_DrawLine                             0x00006d6f   Thumb Code   250  glcd.o(.text)
    PutChar                                  0x00006e69   Thumb Code   100  glcd.o(.text)
    PutCharHorizontal                        0x00006ecd   Thumb Code   100  glcd.o(.text)
    GUI_Text                                 0x00006f31   Thumb Code    80  glcd.o(.text)
    LCD_SetWindow                            0x00006f81   Thumb Code  1080  glcd.o(.text)
    LCD_SetOrientation                       0x000073b9   Thumb Code   378  glcd.o(.text)
    pixel                                    0x00007533   Thumb Code   132  glcd.o(.text)
    LCD_DrawCircle                           0x000075b7   Thumb Code    94  glcd.o(.text)
    LCD_DrawRectangle                        0x00007615   Thumb Code    58  glcd.o(.text)
    LCD_DrawTriangleDown                     0x0000764f   Thumb Code    64  glcd.o(.text)
    LCD_DrawTriangleUp                       0x0000768f   Thumb Code    64  glcd.o(.text)
    LCD_Darken                               0x000076cf   Thumb Code   310  glcd.o(.text)
    LCD_GetPixel                             0x00007805   Thumb Code   208  glcd.o(.text)
    LCD_GetBackground                        0x000078d5   Thumb Code     6  glcd.o(.text)
    CheckIfAlive                             0x000078e5   Thumb Code    24  drawing.o(.text)
    IncreaseLevel                            0x000078fd   Thumb Code    80  drawing.o(.text)
    DecreaseLevel                            0x0000794d   Thumb Code    80  drawing.o(.text)
    LCD_DrawFigure1                          0x0000799d   Thumb Code   178  drawing.o(.text)
    LCD_DrawFigure2                          0x00007a4f   Thumb Code   174  drawing.o(.text)
    LCD_DrawBattery                          0x00007afd   Thumb Code   190  drawing.o(.text)
    LCD_DrawFigure3                          0x00007bbb   Thumb Code   232  drawing.o(.text)
    LCD_DrawMeal                             0x00007ca3   Thumb Code   204  drawing.o(.text)
    LCD_DrawSnack                            0x00007d6f   Thumb Code   192  drawing.o(.text)
    LCD_DrawVolume                           0x00007e2f   Thumb Code   128  drawing.o(.text)
    ChangeVolume                             0x00007eaf   Thumb Code    26  drawing.o(.text)
    LCD_DrawMicrophone                       0x00007ec9   Thumb Code    94  drawing.o(.text)
    LCD_DrawCase                             0x00007f27   Thumb Code   132  drawing.o(.text)
    LCD_DrawButton                           0x00007fab   Thumb Code   200  drawing.o(.text)
    LCD_UpdateTime                           0x00008073   Thumb Code    42  drawing.o(.text)
    LCD_MoveFigure1                          0x0000809d   Thumb Code   188  drawing.o(.text)
    LCD_FeedingUp                            0x00008159   Thumb Code   236  drawing.o(.text)
    LCD_Reset                                0x00008245   Thumb Code   200  drawing.o(.text)
    LCD_DrawToy                              0x0000830d   Thumb Code   128  drawing.o(.text)
    LCD_start                                0x0000838d   Thumb Code   110  drawing.o(.text)
    enable_RIT                               0x00008439   Thumb Code    14  lib_rit.o(.text)
    disable_RIT                              0x00008447   Thumb Code    14  lib_rit.o(.text)
    reset_RIT                                0x00008455   Thumb Code     8  lib_rit.o(.text)
    init_RIT                                 0x0000845d   Thumb Code   134  lib_rit.o(.text)
    RIT_IRQHandler                           0x000084f9   Thumb Code   508  irq_rit.o(.text)
    joystick_init                            0x0000872d   Thumb Code    74  lib_joystick.o(.text)
    LPC17xx_SPI_SetSpeed                     0x00008781   Thumb Code    16  touchpanel.o(.text)
    TP_Init                                  0x00008811   Thumb Code    30  touchpanel.o(.text)
    Read_X                                   0x000088ad   Thumb Code    42  touchpanel.o(.text)
    Read_Y                                   0x000088d7   Thumb Code    42  touchpanel.o(.text)
    TP_GetAdXY                               0x00008901   Thumb Code    34  touchpanel.o(.text)
    TP_DrawPoint                             0x00008923   Thumb Code    20  touchpanel.o(.text)
    DrawCross                                0x00008937   Thumb Code   356  touchpanel.o(.text)
    DeleteCross                              0x00008a9b   Thumb Code   350  touchpanel.o(.text)
    Read_Ads7846                             0x00008bf9   Thumb Code   502  touchpanel.o(.text)
    setCalibrationMatrix                     0x00008def   Thumb Code   356  touchpanel.o(.text)
    getDisplayPoint                          0x00008f53   Thumb Code   262  touchpanel.o(.text)
    TouchPanel_Calibrate                     0x00009059   Thumb Code   122  touchpanel.o(.text)
    ADC_IRQHandler                           0x00009101   Thumb Code   120  irq_adc.o(.text)
    ADC_init                                 0x00009185   Thumb Code    76  lib_adc.o(.text)
    ADC_start_conversion                     0x000091d1   Thumb Code    14  lib_adc.o(.text)
    BipSound                                 0x000091f1   Thumb Code    40  music.o(.text)
    EatingSound                              0x00009219   Thumb Code    52  music.o(.text)
    CuddlingSound                            0x0000924d   Thumb Code    52  music.o(.text)
    DeathSound                               0x00009281   Thumb Code    52  music.o(.text)
    _printf_int_dec                          0x000092cd   Thumb Code   104  _printf_dec.o(.text)
    __printf                                 0x00009345   Thumb Code   270  __printf_wp.o(.text)
    __aeabi_memcpy                           0x00009453   Thumb Code     0  rt_memcpy_v6.o(.text)
    __rt_memcpy                              0x00009453   Thumb Code   138  rt_memcpy_v6.o(.text)
    _memcpy_lastbytes                        0x000094b9   Thumb Code     0  rt_memcpy_v6.o(.text)
    __aeabi_memclr4                          0x000094dd   Thumb Code     0  rt_memclr_w.o(.text)
    __aeabi_memclr8                          0x000094dd   Thumb Code     0  rt_memclr_w.o(.text)
    __rt_memclr_w                            0x000094dd   Thumb Code    78  rt_memclr_w.o(.text)
    _memset_w                                0x000094e1   Thumb Code     0  rt_memclr_w.o(.text)
    strcmp                                   0x0000952d   Thumb Code   128  strcmpv7m.o(.text)
    _printf_int_common                       0x000095ad   Thumb Code   178  _printf_intcommon.o(.text)
    _printf_char_common                      0x0000966b   Thumb Code    32  _printf_char_common.o(.text)
    __aeabi_memcpy4                          0x00009691   Thumb Code     0  rt_memcpy_w.o(.text)
    __aeabi_memcpy8                          0x00009691   Thumb Code     0  rt_memcpy_w.o(.text)
    __rt_memcpy_w                            0x00009691   Thumb Code   100  rt_memcpy_w.o(.text)
    _memcpy_lastbytes_aligned                0x000096d9   Thumb Code     0  rt_memcpy_w.o(.text)
    __user_setup_stackheap                   0x000096f5   Thumb Code    74  sys_stackheap_outer.o(.text)
    exit                                     0x0000973f   Thumb Code    18  exit.o(.text)
    _sys_exit                                0x00009751   Thumb Code     8  sys_exit.o(.text)
    _is_digit                                0x0000975d   Thumb Code    14  __printf_wp.o(i._is_digit)
    __aeabi_dadd                             0x0000976d   Thumb Code     0  daddsub_clz.o(x$fpl$dadd)
    _dadd                                    0x0000976d   Thumb Code   332  daddsub_clz.o(x$fpl$dadd)
    __fpl_dcmp_Inf                           0x000098bd   Thumb Code    24  dcmpi.o(x$fpl$dcmpinf)
    __aeabi_ddiv                             0x000098d5   Thumb Code     0  ddiv.o(x$fpl$ddiv)
    _ddiv                                    0x000098d5   Thumb Code   552  ddiv.o(x$fpl$ddiv)
    __aeabi_cdcmpeq                          0x00009b85   Thumb Code     0  deqf.o(x$fpl$deqf)
    _dcmpeq                                  0x00009b85   Thumb Code   120  deqf.o(x$fpl$deqf)
    __aeabi_d2uiz                            0x00009bfd   Thumb Code     0  dfixu.o(x$fpl$dfixu)
    _dfixu                                   0x00009bfd   Thumb Code    90  dfixu.o(x$fpl$dfixu)
    __aeabi_i2d                              0x00009c57   Thumb Code     0  dflt_clz.o(x$fpl$dflt)
    _dflt                                    0x00009c57   Thumb Code    46  dflt_clz.o(x$fpl$dflt)
    __aeabi_ui2d                             0x00009c85   Thumb Code     0  dflt_clz.o(x$fpl$dfltu)
    _dfltu                                   0x00009c85   Thumb Code    38  dflt_clz.o(x$fpl$dfltu)
    __aeabi_dmul                             0x00009cad   Thumb Code     0  dmul.o(x$fpl$dmul)
    _dmul                                    0x00009cad   Thumb Code   332  dmul.o(x$fpl$dmul)
    __fpl_dnaninf                            0x00009e01   Thumb Code   156  dnaninf.o(x$fpl$dnaninf)
    __fpl_dretinf                            0x00009e9d   Thumb Code    12  dretinf.o(x$fpl$dretinf)
    __aeabi_dsub                             0x00009ea9   Thumb Code     0  daddsub_clz.o(x$fpl$dsub)
    _dsub                                    0x00009ea9   Thumb Code   464  daddsub_clz.o(x$fpl$dsub)
    Region$$Table$$Base                      0x0000a66c   Number         0  anon$$obj.o(Region$$Table)
    Region$$Table$$Limit                     0x0000a6ac   Number         0  anon$$obj.o(Region$$Table)
    SystemFrequency                          0x10000000   Data           4  system_lpc17xx.o(.data)
    SinTable                                 0x100010a6   Data          90  irq_timer.o(.data)
    display                                  0x10001108   Data           4  touchpanel.o(.data)
    DisplaySample                            0x1000110c   Data          12  touchpanel.o(.data)
    AD_current                               0x100021b8   Data           4  irq_adc.o(.data)
    AD_last                                  0x100021bc   Data           1  irq_adc.o(.data)
    eatingtrack                              0x100021c0   Data          12  music.o(.data)
    cuddlingtrack                            0x100021cc   Data          32  music.o(.data)
    deathtrack                               0x100021ec   Data          20  music.o(.data)
    actual_note                              0x10002200   Data           4  music.o(.data)
    melody                                   0x10002204   Data           4  music.o(.data)
    time                                     0x10002208   Data          11  drawing.o(.bss)
    matrix                                   0x10002218   Data          56  touchpanel.o(.bss)
    ScreenSample                             0x10002250   Data          12  touchpanel.o(.bss)
    __libspace_start                         0x1000225c   Data          96  libspace.o(.bss)
    __temporary_stack_top$libspace           0x100022bc   Data           0  libspace.o(.bss)
    sec                                      0x2007d09c   Data           1  drawing.o(.data)
    min                                      0x2007d09d   Data           1  drawing.o(.data)
    hour                                     0x2007d09e   Data           1  drawing.o(.data)
    isAlive                                  0x2007d0a0   Data           4  drawing.o(.data)
    level_volume                             0x2007d0a4   Data           1  drawing.o(.data)
    feeding                                  0x2007e144   Data           4  irq_rit.o(.data)



==============================================================================

Memory Map of the image

  Image Entry point : 0x000000cd

  Load Region LR_IROM1 (Base: 0x00000000, Size: 0x0000ea04, Max: 0x00080000, ABSOLUTE, COMPRESSED[0x0000acd4])

    Execution Region ER_IROM1 (Exec base: 0x00000000, Load base: 0x00000000, Size: 0x0000a6ac, Max: 0x00080000, ABSOLUTE)

    Exec Addr    Load Addr    Size         Type   Attr      Idx    E Section Name        Object

    0x00000000   0x00000000   0x000000cc   Data   RO            3    RESET               startup_lpc17xx.o
    0x000000cc   0x000000cc   0x00000008   Code   RO          615  * !!!main             c_w.l(__main.o)
    0x000000d4   0x000000d4   0x00000034   Code   RO          818    !!!scatter          c_w.l(__scatter.o)
    0x00000108   0x00000108   0x00000064   Code   RO          816    !!dclz77c           c_w.l(__dclz77c.o)
    0x0000016c   0x0000016c   0x0000001c   Code   RO          820    !!handler_zi        c_w.l(__scatter_zi.o)
    0x00000188   0x00000188   0x00000000   Code   RO          606    .ARM.Collect$$_printf_percent$$00000000  c_w.l(_printf_percent.o)
    0x00000188   0x00000188   0x00000006   Code   RO          605    .ARM.Collect$$_printf_percent$$00000009  c_w.l(_printf_d.o)
    0x0000018e   0x0000018e   0x00000004   Code   RO          648    .ARM.Collect$$_printf_percent$$00000017  c_w.l(_printf_percent_end.o)
    0x00000192   0x00000192   0x00000002   Code   RO          684    .ARM.Collect$$libinit$$00000000  c_w.l(libinit.o)
    0x00000194   0x00000194   0x00000000   Code   RO          691    .ARM.Collect$$libinit$$00000002  c_w.l(libinit2.o)
    0x00000194   0x00000194   0x00000000   Code   RO          693    .ARM.Collect$$libinit$$00000004  c_w.l(libinit2.o)
    0x00000194   0x00000194   0x00000000   Code   RO          696    .ARM.Collect$$libinit$$0000000A  c_w.l(libinit2.o)
    0x00000194   0x00000194   0x00000000   Code   RO          698    .ARM.Collect$$libinit$$0000000C  c_w.l(libinit2.o)
    0x00000194   0x00000194   0x00000000   Code   RO          700    .ARM.Collect$$libinit$$0000000E  c_w.l(libinit2.o)
    0x00000194   0x00000194   0x00000000   Code   RO          703    .ARM.Collect$$libinit$$00000011  c_w.l(libinit2.o)
    0x00000194   0x00000194   0x00000000   Code   RO          705    .ARM.Collect$$libinit$$00000013  c_w.l(libinit2.o)
    0x00000194   0x00000194   0x00000000   Code   RO          707    .ARM.Collect$$libinit$$00000015  c_w.l(libinit2.o)
    0x00000194   0x00000194   0x00000000   Code   RO          709    .ARM.Collect$$libinit$$00000017  c_w.l(libinit2.o)
    0x00000194   0x00000194   0x00000000   Code   RO          711    .ARM.Collect$$libinit$$00000019  c_w.l(libinit2.o)
    0x00000194   0x00000194   0x00000000   Code   RO          713    .ARM.Collect$$libinit$$0000001B  c_w.l(libinit2.o)
    0x00000194   0x00000194   0x00000000   Code   RO          715    .ARM.Collect$$libinit$$0000001D  c_w.l(libinit2.o)
    0x00000194   0x00000194   0x00000000   Code   RO          717    .ARM.Collect$$libinit$$0000001F  c_w.l(libinit2.o)
    0x00000194   0x00000194   0x00000000   Code   RO          719    .ARM.Collect$$libinit$$00000021  c_w.l(libinit2.o)
    0x00000194   0x00000194   0x00000000   Code   RO          721    .ARM.Collect$$libinit$$00000023  c_w.l(libinit2.o)
    0x00000194   0x00000194   0x00000000   Code   RO          723    .ARM.Collect$$libinit$$00000025  c_w.l(libinit2.o)
    0x00000194   0x00000194   0x00000000   Code   RO          727    .ARM.Collect$$libinit$$0000002C  c_w.l(libinit2.o)
    0x00000194   0x00000194   0x00000000   Code   RO          729    .ARM.Collect$$libinit$$0000002E  c_w.l(libinit2.o)
    0x00000194   0x00000194   0x00000000   Code   RO          731    .ARM.Collect$$libinit$$00000030  c_w.l(libinit2.o)
    0x00000194   0x00000194   0x00000000   Code   RO          733    .ARM.Collect$$libinit$$00000032  c_w.l(libinit2.o)
    0x00000194   0x00000194   0x00000002   Code   RO          734    .ARM.Collect$$libinit$$00000033  c_w.l(libinit2.o)
    0x00000196   0x00000196   0x00000002   Code   RO          754    .ARM.Collect$$libshutdown$$00000000  c_w.l(libshutdown.o)
    0x00000198   0x00000198   0x00000000   Code   RO          767    .ARM.Collect$$libshutdown$$00000002  c_w.l(libshutdown2.o)
    0x00000198   0x00000198   0x00000000   Code   RO          769    .ARM.Collect$$libshutdown$$00000004  c_w.l(libshutdown2.o)
    0x00000198   0x00000198   0x00000000   Code   RO          771    .ARM.Collect$$libshutdown$$00000006  c_w.l(libshutdown2.o)
    0x00000198   0x00000198   0x00000000   Code   RO          774    .ARM.Collect$$libshutdown$$00000009  c_w.l(libshutdown2.o)
    0x00000198   0x00000198   0x00000000   Code   RO          777    .ARM.Collect$$libshutdown$$0000000C  c_w.l(libshutdown2.o)
    0x00000198   0x00000198   0x00000000   Code   RO          779    .ARM.Collect$$libshutdown$$0000000E  c_w.l(libshutdown2.o)
    0x00000198   0x00000198   0x00000000   Code   RO          782    .ARM.Collect$$libshutdown$$00000011  c_w.l(libshutdown2.o)
    0x00000198   0x00000198   0x00000002   Code   RO          783    .ARM.Collect$$libshutdown$$00000012  c_w.l(libshutdown2.o)
    0x0000019a   0x0000019a   0x00000000   Code   RO          641    .ARM.Collect$$rtentry$$00000000  c_w.l(__rtentry.o)
    0x0000019a   0x0000019a   0x00000000   Code   RO          659    .ARM.Collect$$rtentry$$00000002  c_w.l(__rtentry2.o)
    0x0000019a   0x0000019a   0x00000006   Code   RO          671    .ARM.Collect$$rtentry$$00000004  c_w.l(__rtentry4.o)
    0x000001a0   0x000001a0   0x00000000   Code   RO          661    .ARM.Collect$$rtentry$$00000009  c_w.l(__rtentry2.o)
    0x000001a0   0x000001a0   0x00000004   Code   RO          662    .ARM.Collect$$rtentry$$0000000A  c_w.l(__rtentry2.o)
    0x000001a4   0x000001a4   0x00000000   Code   RO          664    .ARM.Collect$$rtentry$$0000000C  c_w.l(__rtentry2.o)
    0x000001a4   0x000001a4   0x00000008   Code   RO          665    .ARM.Collect$$rtentry$$0000000D  c_w.l(__rtentry2.o)
    0x000001ac   0x000001ac   0x00000002   Code   RO          688    .ARM.Collect$$rtexit$$00000000  c_w.l(rtexit.o)
    0x000001ae   0x000001ae   0x00000000   Code   RO          736    .ARM.Collect$$rtexit$$00000002  c_w.l(rtexit2.o)
    0x000001ae   0x000001ae   0x00000004   Code   RO          737    .ARM.Collect$$rtexit$$00000003  c_w.l(rtexit2.o)
    0x000001b2   0x000001b2   0x00000006   Code   RO          738    .ARM.Collect$$rtexit$$00000004  c_w.l(rtexit2.o)
    0x000001b8   0x000001b8   0x00000034   Code   RO            5    .text               startup_lpc17xx.o
    0x000001ec   0x000001ec   0x000000ac   Code   RO           16    .text               sample.o
    0x00000298   0x00000298   0x00000020   Code   RO          211    .text               asciilib.o
    0x000002b8   0x000002b8   0x00000028   Code   RO          579    .text               c_w.l(noretval__2sprintf.o)
    0x000002e0   0x000002e0   0x00000006   Code   RO          613    .text               c_w.l(heapauxi.o)
    0x000002e6   0x000002e6   0x0000000a   Code   RO          646    .text               c_w.l(_sputc.o)
    0x000002f0   0x000002f0   0x00000008   Code   RO          685    .text               c_w.l(libspace.o)
    0x000002f8   0x000002f8   0x00000002   Code   RO          757    .text               c_w.l(use_no_semi.o)
    0x000002fa   0x000002fa   0x00000000   Code   RO          759    .text               c_w.l(indicate_semi.o)
    0x000002fa   0x000002fa   0x00000000   Code   RO          657    x$fpl$usenofp       fz_ws.l(usenofp.o)
    0x000002fa   0x000002fa   0x00000002   PAD
    0x000002fc   0x000002fc   0x00000004   Code   RO            4    .ARM.__at_0x02FC    startup_lpc17xx.o
    0x00000300   0x00000300   0x0000022c   Code   RO          103    .text               system_lpc17xx.o
    0x0000052c   0x0000052c   0x0000049c   Code   RO          130    .text               irq_timer.o
    0x000009c8   0x000009c8   0x000001a8   Code   RO          186    .text               lib_timer.o
    0x00000b70   0x00000b70   0x00006d74   Code   RO          231    .text               glcd.o
    0x000078e4   0x000078e4   0x00000b54   Code   RO          277    .text               drawing.o
    0x00008438   0x00008438   0x000000c0   Code   RO          312    .text               lib_rit.o
    0x000084f8   0x000084f8   0x00000234   Code   RO          343    .text               irq_rit.o
    0x0000872c   0x0000872c   0x00000054   Code   RO          412    .text               lib_joystick.o
    0x00008780   0x00008780   0x00000980   Code   RO          436    .text               touchpanel.o
    0x00009100   0x00009100   0x00000084   Code   RO          470    .text               irq_adc.o
    0x00009184   0x00009184   0x0000006c   Code   RO          510    .text               lib_adc.o
    0x000091f0   0x000091f0   0x000000dc   Code   RO          538    .text               music.o
    0x000092cc   0x000092cc   0x00000078   Code   RO          583    .text               c_w.l(_printf_dec.o)
    0x00009344   0x00009344   0x0000010e   Code   RO          593    .text               c_w.l(__printf_wp.o)
    0x00009452   0x00009452   0x0000008a   Code   RO          607    .text               c_w.l(rt_memcpy_v6.o)
    0x000094dc   0x000094dc   0x0000004e   Code   RO          609    .text               c_w.l(rt_memclr_w.o)
    0x0000952a   0x0000952a   0x00000002   PAD
    0x0000952c   0x0000952c   0x00000080   Code   RO          611    .text               c_w.l(strcmpv7m.o)
    0x000095ac   0x000095ac   0x000000b2   Code   RO          642    .text               c_w.l(_printf_intcommon.o)
    0x0000965e   0x0000965e   0x00000002   PAD
    0x00009660   0x00009660   0x00000030   Code   RO          644    .text               c_w.l(_printf_char_common.o)
    0x00009690   0x00009690   0x00000064   Code   RO          649    .text               c_w.l(rt_memcpy_w.o)
    0x000096f4   0x000096f4   0x0000004a   Code   RO          675    .text               c_w.l(sys_stackheap_outer.o)
    0x0000973e   0x0000973e   0x00000012   Code   RO          677    .text               c_w.l(exit.o)
    0x00009750   0x00009750   0x0000000c   Code   RO          746    .text               c_w.l(sys_exit.o)
    0x0000975c   0x0000975c   0x0000000e   Code   RO          595    i._is_digit         c_w.l(__printf_wp.o)
    0x0000976a   0x0000976a   0x00000002   PAD
    0x0000976c   0x0000976c   0x00000150   Code   RO          617    x$fpl$dadd          fz_ws.l(daddsub_clz.o)
    0x000098bc   0x000098bc   0x00000018   Code   RO          651    x$fpl$dcmpinf       fz_ws.l(dcmpi.o)
    0x000098d4   0x000098d4   0x000002b0   Code   RO          624    x$fpl$ddiv          fz_ws.l(ddiv.o)
    0x00009b84   0x00009b84   0x00000078   Code   RO          627    x$fpl$deqf          fz_ws.l(deqf.o)
    0x00009bfc   0x00009bfc   0x0000005a   Code   RO          629    x$fpl$dfixu         fz_ws.l(dfixu.o)
    0x00009c56   0x00009c56   0x0000002e   Code   RO          634    x$fpl$dflt          fz_ws.l(dflt_clz.o)
    0x00009c84   0x00009c84   0x00000026   Code   RO          633    x$fpl$dfltu         fz_ws.l(dflt_clz.o)
    0x00009caa   0x00009caa   0x00000002   PAD
    0x00009cac   0x00009cac   0x00000154   Code   RO          639    x$fpl$dmul          fz_ws.l(dmul.o)
    0x00009e00   0x00009e00   0x0000009c   Code   RO          653    x$fpl$dnaninf       fz_ws.l(dnaninf.o)
    0x00009e9c   0x00009e9c   0x0000000c   Code   RO          655    x$fpl$dretinf       fz_ws.l(dretinf.o)
    0x00009ea8   0x00009ea8   0x000001d4   Code   RO          619    x$fpl$dsub          fz_ws.l(daddsub_clz.o)
    0x0000a07c   0x0000a07c   0x000005f0   Data   RO          212    .constdata          asciilib.o
    0x0000a66c   0x0000a66c   0x00000040   Data   RO          814    Region$$Table       anon$$obj.o


    Execution Region RW_IRAM1 (Exec base: 0x10000000, Load base: 0x0000a6ac, Size: 0x000022c0, Max: 0x00008000, ABSOLUTE, COMPRESSED[0x00000360])

    Exec Addr    Load Addr    Size         Type   Attr      Idx    E Section Name        Object

    0x10000000   COMPRESSED   0x00000004   Data   RW          104    .data               system_lpc17xx.o
    0x10000004   COMPRESSED   0x00001100   Data   RW          131    .data               irq_timer.o
    0x10001104   COMPRESSED   0x00000004   Data   RW          232    .data               glcd.o
    0x10001108   COMPRESSED   0x00000014   Data   RW          438    .data               touchpanel.o
    0x1000111c   COMPRESSED   0x000010a1   Data   RW          471    .data               irq_adc.o
    0x100021bd   COMPRESSED   0x00000003   PAD
    0x100021c0   COMPRESSED   0x00000048   Data   RW          539    .data               music.o
    0x10002208        -       0x0000000b   Zero   RW          278    .bss                drawing.o
    0x10002213   COMPRESSED   0x00000005   PAD
    0x10002218        -       0x00000044   Zero   RW          437    .bss                touchpanel.o
    0x1000225c        -       0x00000060   Zero   RW          686    .bss                c_w.l(libspace.o)
    0x100022bc   COMPRESSED   0x00000004   PAD
    0x100022c0        -       0x00000000   Zero   RW            2    HEAP                startup_lpc17xx.o


    Execution Region RW_IRAM2 (Exec base: 0x2007c000, Load base: 0x0000aa0c, Size: 0x00002350, Max: 0x00008000, ABSOLUTE, COMPRESSED[0x000002c8])

    Exec Addr    Load Addr    Size         Type   Attr      Idx    E Section Name        Object

    0x2007c000   COMPRESSED   0x000010a5   Data   RW          279    .data               drawing.o
    0x2007d0a5   COMPRESSED   0x00000003   PAD
    0x2007d0a8   COMPRESSED   0x000010a8   Data   RW          344    .data               irq_rit.o
    0x2007e150        -       0x00000200   Zero   RW            1    STACK               startup_lpc17xx.o


==============================================================================

Image component sizes


      Code (inc. data)   RO Data    RW Data    ZI Data      Debug   Object Name

        32          6       1520          0          0       1043   asciilib.o
      2900        134          0       4261         11       8707   drawing.o
     28020        166          0          4          0      68606   glcd.o
       132         12          0       4257          0       1545   irq_adc.o
       564         56          0       4264          0       1766   irq_rit.o
      1180        118          0       4352          0      20188   irq_timer.o
       108         18          0          0          0      27147   lib_adc.o
        84         10          0          0          0        448   lib_joystick.o
       192         22          0          0          0      27547   lib_rit.o
       424         26          0          0          0       1752   lib_timer.o
       220         24          0         72          0       1518   music.o
       172         30          0          0          0       4999   sample.o
        56         22        204          0        512       1016   startup_lpc17xx.o
       556         30          0          4          0        827   system_lpc17xx.o
      2432         70          0         20         68       6178   touchpanel.o

    ----------------------------------------------------------------------
     37072        744       1788      17240        596     173287   Object Totals
         0          0         64          0          0          0   (incl. Generated)
         0          0          0          6          5          0   (incl. Padding)

    ----------------------------------------------------------------------

      Code (inc. data)   RO Data    RW Data    ZI Data      Debug   Library Member Name

       100          0          0          0          0          0   __dclz77c.o
         8          0          0          0          0         68   __main.o
       284          0          0          0          0        156   __printf_wp.o
         0          0          0          0          0          0   __rtentry.o
        12          0          0          0          0          0   __rtentry2.o
         6          0          0          0          0          0   __rtentry4.o
        52          8          0          0          0          0   __scatter.o
        28          0          0          0          0          0   __scatter_zi.o
        48          6          0          0          0         96   _printf_char_common.o
         6          0          0          0          0          0   _printf_d.o
       120         16          0          0          0         92   _printf_dec.o
       178          0          0          0          0         88   _printf_intcommon.o
         0          0          0          0          0          0   _printf_percent.o
         4          0          0          0          0          0   _printf_percent_end.o
        10          0          0          0          0         68   _sputc.o
        18          0          0          0          0         80   exit.o
         6          0          0          0          0        152   heapauxi.o
         0          0          0          0          0          0   indicate_semi.o
         2          0          0          0          0          0   libinit.o
         2          0          0          0          0          0   libinit2.o
         2          0          0          0          0          0   libshutdown.o
         2          0          0          0          0          0   libshutdown2.o
         8          4          0          0         96         68   libspace.o
        40          6          0          0          0         84   noretval__2sprintf.o
        78          0          0          0          0         80   rt_memclr_w.o
       138          0          0          0          0         68   rt_memcpy_v6.o
       100          0          0          0          0         80   rt_memcpy_w.o
         2          0          0          0          0          0   rtexit.o
        10          0          0          0          0          0   rtexit2.o
       128          0          0          0          0         68   strcmpv7m.o
        12          4          0          0          0         68   sys_exit.o
        74          0          0          0          0         80   sys_stackheap_outer.o
         2          0          0          0          0         68   use_no_semi.o
       804         16          0          0          0        272   daddsub_clz.o
        24          0          0          0          0         68   dcmpi.o
       688        140          0          0          0        208   ddiv.o
       120          4          0          0          0         92   deqf.o
        90          4          0          0          0         92   dfixu.o
        84          0          0          0          0        136   dflt_clz.o
       340         12          0          0          0        104   dmul.o
       156          4          0          0          0         92   dnaninf.o
        12          0          0          0          0         68   dretinf.o
         0          0          0          0          0          0   usenofp.o

    ----------------------------------------------------------------------
      3808        224          0          0        100       2596   Library Totals
        10          0          0          0          4          0   (incl. Padding)

    ----------------------------------------------------------------------

      Code (inc. data)   RO Data    RW Data    ZI Data      Debug   Library Name

      1480         44          0          0         96       1464   c_w.l
      2318        180          0          0          0       1132   fz_ws.l

    ----------------------------------------------------------------------
      3808        224          0          0        100       2596   Library Totals

    ----------------------------------------------------------------------

==============================================================================


      Code (inc. data)   RO Data    RW Data    ZI Data      Debug   

     40880        968       1788      17240        696     173591   Grand Totals
     40880        968       1788       1576        696     173591   ELF Image Totals (compressed)
     40880        968       1788       1576          0          0   ROM Totals

==============================================================================

    Total RO  Size (Code + RO Data)                42668 (  41.67kB)
    Total RW  Size (RW Data + ZI Data)             17936 (  17.52kB)
    Total ROM Size (Code + RO Data + RW Data)      44244 (  43.21kB)

==============================================================================

